Alert.c:19:6:COMMAND_HANDLER_ALERT	16	static
Alert.c:41:6:Battery_Information	16	static
Alert.c:66:6:SEND_ALERT_PACKET	8	static
Alert.c:93:6:Alert_Task	16	static
Alert.c:115:6:Alert_Func	8	static
Alert.c:156:6:Battery_Alert_Func	8	static
Alert.c:189:6:Main_Supply_or_Battery_Indication	8	static
Alert.c:201:6:Pip_Alert_Func	4	static
Alert.c:229:6:Peep_Alert_Func	4	static
Alert.c:262:6:Minite_Volume_Alert_Func	4	static
Alert.c:327:6:Tidal_Volume_Alert_Func	4	static
Alert.c:357:6:Respiratory_Rate_Alert_Func	4	static
Alert.c:386:6:Oxygen_Alert_Func	4	static
Alert.c:443:6:Leak_Alert_Func	4	static
Alert.c:459:6:Patient_Circuit_Disconnected_Alert_Func	4	static
Alert.c:478:6:Proximal_Flow_Sensor_Reverse_Direction	4	static
Alert.c:498:6:data_request_Check	4	static
Alert.c:522:6:Alert_I_Time_Parameter	4	static
Alert.c:543:6:Alert_E_Time_Parameter	4	static
Alert.c:566:6:Alert_Receiving_Parameter	4	static
Alert.c:589:6:Battery_Status	8	static
Alert.c:620:6:Led_Alert	4	static
