Back_UP_PC_CMV.c:38:6:Back_Up_PC_CMV_Mode_Task	32	static
Back_UP_PC_CMV.c:434:6:BACKUP_Switch_TASK_I_CYCLE	16	static
Back_UP_PC_CMV.c:445:6:BACKUP_PC_SIMV_Pulse_I_Parameter	16	static
Back_UP_PC_CMV.c:484:6:BACKUP_PC_SIMV_Pulse_E_Parameter	8	static
Back_UP_PC_CMV.c:499:6:PID_Back_Up_PC_CMV_Mode_Task	16	static
Back_UP_PC_CMV.c:526:6:DAC_Value_Correction_BACKUP_PC	8	static
Back_UP_PC_CMV.c:553:6:pip_value_correction_BACKUP_PC	8	static
Back_UP_PC_CMV.c:587:6:BACKUP_PC_CMV_PARAMETERS	24	static
Back_UP_PC_CMV.c:680:6:Ending_Dac_value_correction_BACKUP_PC	4	static
Back_UP_PC_CMV.c:738:6:Pip_Acheived_Early_BACKUP_PC	8	static
Back_UP_PC_CMV.c:823:6:Pip_Acheived_Slowly_BACKUP_PC	8	static
Back_UP_PC_CMV.c:860:6:Pip_Acheived_Normally_BACKUP_PC	4	static
Back_UP_PC_CMV.c:866:6:Pip_Not_Acheived_BACKUP_PC	4	static
Back_UP_PC_CMV.c:882:6:Peep_E_Valve_Lock_delay_BACKUP_PC	4	static
