Calibration.c:18:6:CALIBRATION_COMMAND_HANDLER	16	static
Calibration.c:49:9:chksum8_cal	24	static
Calibration.c:58:6:SEND_REPORT_PACKET	8	static
Calibration.c:76:6:CALIBRATION_Task	16	static
Calibration.c:118:6:CALIBRATION_Blower	8	static
Calibration.c:163:6:CALIBRATION_Pressure_Sensor	8	static
Calibration.c:207:6:CALIBRATION_Proximal_Flow_Sensor	8	static
Calibration.c:252:6:CALIBRATION_Exp_valve	16	static
Calibration.c:304:6:CALIBRATION_Oxygen	16	static
Calibration.c:360:6:CALIBRATION_Led	8	static
Calibration.c:398:6:CALIBRATION_Battery	16	static
Calibration.c:436:6:cal_Battery	8	static
