Pc_cmv.c:20:6:PC_CMV_Task	16	static
Pc_cmv.c:82:6:PC_CMV_Pulse_I_Parameter	8	static
Pc_cmv.c:118:6:PC_CMV_Pulse_E_Parameter	8	static
Pc_cmv.c:136:6:Ending_Dac_value_correction	4	static
Pc_cmv.c:193:6:DAC_Value_Correction	8	static
Pc_cmv.c:211:6:pip_value_correction	4	static
Pc_cmv.c:245:6:PC_CMV_PARAMETERS	24	static
Pc_cmv.c:358:6:PC_CMV_PID_Task	16	static
Pc_cmv.c:391:6:Pip_Acheived_Early	8	static
Pc_cmv.c:476:6:Pip_Acheived_Slowly	8	static
Pc_cmv.c:513:6:Pip_Acheived_Normally	4	static
Pc_cmv.c:519:6:Pip_Not_Acheived	4	static
Pc_cmv.c:535:6:Peep_E_Valve_Lock_delay_Pc_cmv	4	static
