Pc_SIMV.c:31:6:PC_SIMV_Task	16	static
Pc_SIMV.c:174:6:Switch_TASK_I_CYCLE	16	static
Pc_SIMV.c:185:6:PC_SIMV_Pulse_I_Parameter	16	static
Pc_SIMV.c:252:6:PC_SIMV_Pulse_E_Parameter	24	static
Pc_SIMV.c:293:6:PC_SIMV_PID_Task	16	static
Pc_SIMV.c:320:6:DAC_Value_Correction_SIMV	8	static
Pc_SIMV.c:347:6:pip_value_correction_SIMV	8	static
Pc_SIMV.c:381:6:PC_SIMV_PARAMETERS	24	static
Pc_SIMV.c:518:6:Ending_Dac_value_correction_SIMV	4	static
Pc_SIMV.c:576:6:Pip_Acheived_Early_SIMV	8	static
Pc_SIMV.c:661:6:Pip_Acheived_Slowly_SIMV	8	static
Pc_SIMV.c:698:6:Pip_Acheived_Normally_SIMV	4	static
Pc_SIMV.c:704:6:Pip_Not_Acheived_SIMV	4	static
Pc_SIMV.c:720:6:Peep_E_Valve_Lock_delay_Pc_SIMV	4	static
