Sensor_Offset.c:122:10:O2_milli_volt1	16	static
Sensor_Offset.c:129:6:O2_Flow_offset	24	static
Sensor_Offset.c:147:10:C_milli_volt1	16	static
Sensor_Offset.c:155:6:O2_cirus_offset	16	static
Sensor_Offset.c:164:7:AW_flow_raw_Volt	24	static
Sensor_Offset.c:174:10:AW_flow_moving_average	24	static
Sensor_Offset.c:190:10:ADS1115_AW_flow_sensor	24	static
Sensor_Offset.c:215:6:Get_AW_Flow	8	static
Sensor_Offset.c:226:6:AW_Flow_offset	16	static
Sensor_Offset.c:235:10:P_milli_volt1	16	static
Sensor_Offset.c:241:6:Pressure_offset	16	static
Sensor_Offset.c:250:6:Sensor_Offset	8	static
Sensor_Offset.c:259:6:adj	24	static
Sensor_Offset.c:264:6:_Flow	40	static
Sensor_Offset.c:310:6:calulate_cirus	16	static
Sensor_Offset.c:324:6:running_cirus_data	8	static
Sensor_Offset.c:336:6:data_send	8	static
