stm32f4xx_it.c:75:6:NMI_Handler	4	static
stm32f4xx_it.c:90:6:HardFault_Handler	4	static
stm32f4xx_it.c:105:6:MemManage_Handler	4	static
stm32f4xx_it.c:120:6:BusFault_Handler	4	static
stm32f4xx_it.c:135:6:UsageFault_Handler	4	static
stm32f4xx_it.c:150:6:DebugMon_Handler	4	static
stm32f4xx_it.c:170:6:EXTI2_IRQHandler	8	static
stm32f4xx_it.c:184:6:EXTI9_5_IRQHandler	8	static
stm32f4xx_it.c:198:6:UART5_IRQHandler	8	static
stm32f4xx_it.c:212:6:TIM6_DAC_IRQHandler	8	static
stm32f4xx_it.c:229:6:DMA2_Stream0_IRQHandler	8	static
stm32f4xx_it.c:243:6:OTG_FS_IRQHandler	8	static
stm32f4xx_it.c:257:6:USART6_IRQHandler	8	static
