Archive member included to satisfy reference by file (symbol)

c:/st/stm32cubeide_1.8.0/stm32cubeide/plugins/com.st.stm32cube.ide.mcu.externaltools.gnu-tools-for-stm32.9-2020-q2-update.win32_2.0.0.202105311346/tools/bin/../lib/gcc/arm-none-eabi/9.3.1/../../../../arm-none-eabi/lib/thumb/v7e-m+fp/hard\libc_nano.a(lib_a-errno.o)
                              ./Core/Src/syscalls.o (__errno)
c:/st/stm32cubeide_1.8.0/stm32cubeide/plugins/com.st.stm32cube.ide.mcu.externaltools.gnu-tools-for-stm32.9-2020-q2-update.win32_2.0.0.202105311346/tools/bin/../lib/gcc/arm-none-eabi/9.3.1/../../../../arm-none-eabi/lib/thumb/v7e-m+fp/hard\libc_nano.a(lib_a-exit.o)
                              c:/st/stm32cubeide_1.8.0/stm32cubeide/plugins/com.st.stm32cube.ide.mcu.externaltools.gnu-tools-for-stm32.9-2020-q2-update.win32_2.0.0.202105311346/tools/bin/../lib/gcc/arm-none-eabi/9.3.1/../../../../arm-none-eabi/lib/thumb/v7e-m+fp/hard/crt0.o (exit)
c:/st/stm32cubeide_1.8.0/stm32cubeide/plugins/com.st.stm32cube.ide.mcu.externaltools.gnu-tools-for-stm32.9-2020-q2-update.win32_2.0.0.202105311346/tools/bin/../lib/gcc/arm-none-eabi/9.3.1/../../../../arm-none-eabi/lib/thumb/v7e-m+fp/hard\libc_nano.a(lib_a-impure.o)
                              c:/st/stm32cubeide_1.8.0/stm32cubeide/plugins/com.st.stm32cube.ide.mcu.externaltools.gnu-tools-for-stm32.9-2020-q2-update.win32_2.0.0.202105311346/tools/bin/../lib/gcc/arm-none-eabi/9.3.1/../../../../arm-none-eabi/lib/thumb/v7e-m+fp/hard\libc_nano.a(lib_a-exit.o) (_global_impure_ptr)
c:/st/stm32cubeide_1.8.0/stm32cubeide/plugins/com.st.stm32cube.ide.mcu.externaltools.gnu-tools-for-stm32.9-2020-q2-update.win32_2.0.0.202105311346/tools/bin/../lib/gcc/arm-none-eabi/9.3.1/../../../../arm-none-eabi/lib/thumb/v7e-m+fp/hard\libc_nano.a(lib_a-init.o)
                              c:/st/stm32cubeide_1.8.0/stm32cubeide/plugins/com.st.stm32cube.ide.mcu.externaltools.gnu-tools-for-stm32.9-2020-q2-update.win32_2.0.0.202105311346/tools/bin/../lib/gcc/arm-none-eabi/9.3.1/../../../../arm-none-eabi/lib/thumb/v7e-m+fp/hard/crt0.o (__libc_init_array)
c:/st/stm32cubeide_1.8.0/stm32cubeide/plugins/com.st.stm32cube.ide.mcu.externaltools.gnu-tools-for-stm32.9-2020-q2-update.win32_2.0.0.202105311346/tools/bin/../lib/gcc/arm-none-eabi/9.3.1/../../../../arm-none-eabi/lib/thumb/v7e-m+fp/hard\libc_nano.a(lib_a-memcpy-stub.o)
                              ./Middlewares/Third_Party/FreeRTOS/Source/queue.o (memcpy)
c:/st/stm32cubeide_1.8.0/stm32cubeide/plugins/com.st.stm32cube.ide.mcu.externaltools.gnu-tools-for-stm32.9-2020-q2-update.win32_2.0.0.202105311346/tools/bin/../lib/gcc/arm-none-eabi/9.3.1/../../../../arm-none-eabi/lib/thumb/v7e-m+fp/hard\libc_nano.a(lib_a-memset.o)
                              c:/st/stm32cubeide_1.8.0/stm32cubeide/plugins/com.st.stm32cube.ide.mcu.externaltools.gnu-tools-for-stm32.9-2020-q2-update.win32_2.0.0.202105311346/tools/bin/../lib/gcc/arm-none-eabi/9.3.1/../../../../arm-none-eabi/lib/thumb/v7e-m+fp/hard/crt0.o (memset)
c:/st/stm32cubeide_1.8.0/stm32cubeide/plugins/com.st.stm32cube.ide.mcu.externaltools.gnu-tools-for-stm32.9-2020-q2-update.win32_2.0.0.202105311346/tools/bin/../lib/gcc/arm-none-eabi/9.3.1/thumb/v7e-m+fp/hard\libgcc.a(_arm_muldf3.o)
                              ./Core/Src/Back_UP_PC_CMV.o (__aeabi_dmul)
c:/st/stm32cubeide_1.8.0/stm32cubeide/plugins/com.st.stm32cube.ide.mcu.externaltools.gnu-tools-for-stm32.9-2020-q2-update.win32_2.0.0.202105311346/tools/bin/../lib/gcc/arm-none-eabi/9.3.1/thumb/v7e-m+fp/hard\libgcc.a(_arm_addsubdf3.o)
                              ./Core/Src/Back_UP_PC_CMV.o (__aeabi_dsub)
c:/st/stm32cubeide_1.8.0/stm32cubeide/plugins/com.st.stm32cube.ide.mcu.externaltools.gnu-tools-for-stm32.9-2020-q2-update.win32_2.0.0.202105311346/tools/bin/../lib/gcc/arm-none-eabi/9.3.1/thumb/v7e-m+fp/hard\libgcc.a(_arm_muldivdf3.o)
                              ./Core/Src/Back_UP_PC_CMV.o (__aeabi_ddiv)
c:/st/stm32cubeide_1.8.0/stm32cubeide/plugins/com.st.stm32cube.ide.mcu.externaltools.gnu-tools-for-stm32.9-2020-q2-update.win32_2.0.0.202105311346/tools/bin/../lib/gcc/arm-none-eabi/9.3.1/thumb/v7e-m+fp/hard\libgcc.a(_arm_cmpdf2.o)
                              ./Core/Src/Flow_Sensors_Data.o (__aeabi_dcmplt)
c:/st/stm32cubeide_1.8.0/stm32cubeide/plugins/com.st.stm32cube.ide.mcu.externaltools.gnu-tools-for-stm32.9-2020-q2-update.win32_2.0.0.202105311346/tools/bin/../lib/gcc/arm-none-eabi/9.3.1/thumb/v7e-m+fp/hard\libgcc.a(_arm_fixdfsi.o)
                              ./Core/Src/Flow_Sensors_Data.o (__aeabi_d2iz)
c:/st/stm32cubeide_1.8.0/stm32cubeide/plugins/com.st.stm32cube.ide.mcu.externaltools.gnu-tools-for-stm32.9-2020-q2-update.win32_2.0.0.202105311346/tools/bin/../lib/gcc/arm-none-eabi/9.3.1/thumb/v7e-m+fp/hard\libgcc.a(_arm_fixunsdfsi.o)
                              ./Core/Src/Back_UP_PC_CMV.o (__aeabi_d2uiz)
[...]
Memory Configuration

Name             Origin             Length             Attributes
CCMRAM           0x0000000010000000 0x0000000000010000 xrw
RAM              0x0000000020000000 0x0000000000020000 xrw
FLASH            0x0000000008000000 0x0000000000080000 xr
*default*        0x0000000000000000 0xffffffffffffffff

Linker script and memory map

LOAD c:/st/stm32cubeide_1.8.0/stm32cubeide/plugins/com.st.stm32cube.ide.mcu.externaltools.gnu-tools-for-stm32.9-2020-q2-update.win32_2.0.0.202105311346/tools/bin/../lib/gcc/arm-none-eabi/9.3.1/thumb/v7e-m+fp/hard/crti.o
LOAD c:/st/stm32cubeide_1.8.0/stm32cubeide/plugins/com.st.stm32cube.ide.mcu.externaltools.gnu-tools-for-stm32.9-2020-q2-update.win32_2.0.0.202105311346/tools/bin/../lib/gcc/arm-none-eabi/9.3.1/thumb/v7e-m+fp/hard/crtbegin.o
LOAD c:/st/stm32cubeide_1.8.0/stm32cubeide/plugins/com.st.stm32cube.ide.mcu.externaltools.gnu-tools-for-stm32.9-2020-q2-update.win32_2.0.0.202105311346/tools/bin/../lib/gcc/arm-none-eabi/9.3.1/../../../../arm-none-eabi/lib/thumb/v7e-m+fp/hard/crt0.o
LOAD ./Core/Src/Back_UP_PC_CMV.o
LOAD ./Core/Src/Flow_Sensors_Data.o
LOAD ./Core/Src/Pc_SIMV.o
LOAD ./Core/Src/Pc_cmv.o
LOAD ./Core/Src/Pressure_Sensors_Data.o
LOAD ./Core/Src/Psv.o
LOAD ./Core/Src/Uart.o
LOAD ./Core/Src/Vc_SIMV.o
LOAD ./Core/Src/Vc_cmv.o
LOAD ./Core/Src/freertos.o
LOAD ./Core/Src/main.o
LOAD ./Core/Src/stm32f4xx_hal_msp.o
LOAD ./Core/Src/stm32f4xx_hal_timebase_tim.o
LOAD ./Core/Src/stm32f4xx_it.o
LOAD ./Core/Src/syscalls.o
LOAD ./Core/Src/sysmem.o
LOAD ./Core/Src/system_stm32f4xx.o
LOAD ./Core/Startup/startup_stm32f407vetx.o
LOAD ./Drivers/STM32F4xx_HAL_Driver/Src/stm32f4xx_hal.o
LOAD ./Drivers/STM32F4xx_HAL_Driver/Src/stm32f4xx_hal_adc.o
LOAD ./Drivers/STM32F4xx_HAL_Driver/Src/stm32f4xx_hal_adc_ex.o
LOAD ./Drivers/STM32F4xx_HAL_Driver/Src/stm32f4xx_hal_cortex.o
LOAD ./Drivers/STM32F4xx_HAL_Driver/Src/stm32f4xx_hal_dac.o
LOAD ./Drivers/STM32F4xx_HAL_Driver/Src/stm32f4xx_hal_dac_ex.o
LOAD ./Drivers/STM32F4xx_HAL_Driver/Src/stm32f4xx_hal_dma.o
LOAD ./Drivers/STM32F4xx_HAL_Driver/Src/stm32f4xx_hal_dma_ex.o
LOAD ./Drivers/STM32F4xx_HAL_Driver/Src/stm32f4xx_hal_exti.o
LOAD ./Drivers/STM32F4xx_HAL_Driver/Src/stm32f4xx_hal_flash.o
LOAD ./Drivers/STM32F4xx_HAL_Driver/Src/stm32f4xx_hal_flash_ex.o
LOAD ./Drivers/STM32F4xx_HAL_Driver/Src/stm32f4xx_hal_flash_ramfunc.o
LOAD ./Drivers/STM32F4xx_HAL_Driver/Src/stm32f4xx_hal_gpio.o
LOAD ./Drivers/STM32F4xx_HAL_Driver/Src/stm32f4xx_hal_i2c.o
LOAD ./Drivers/STM32F4xx_HAL_Driver/Src/stm32f4xx_hal_i2c_ex.o
LOAD ./Drivers/STM32F4xx_HAL_Driver/Src/stm32f4xx_hal_pwr.o
LOAD ./Drivers/STM32F4xx_HAL_Driver/Src/stm32f4xx_hal_pwr_ex.o
LOAD ./Drivers/STM32F4xx_HAL_Driver/Src/stm32f4xx_hal_rcc.o
LOAD ./Drivers/STM32F4xx_HAL_Driver/Src/stm32f4xx_hal_rcc_ex.o
LOAD ./Drivers/STM32F4xx_HAL_Driver/Src/stm32f4xx_hal_tim.o
LOAD ./Drivers/STM32F4xx_HAL_Driver/Src/stm32f4xx_hal_tim_ex.o
LOAD ./Drivers/STM32F4xx_HAL_Driver/Src/stm32f4xx_hal_uart.o
LOAD ./Drivers/STM32F4xx_HAL_Driver/Src/stm32f4xx_ll_adc.o
LOAD ./Middlewares/Third_Party/FreeRTOS/Source/CMSIS_RTOS/cmsis_os.o
LOAD ./Middlewares/Third_Party/FreeRTOS/Source/croutine.o
LOAD ./Middlewares/Third_Party/FreeRTOS/Source/event_groups.o
LOAD ./Middlewares/Third_Party/FreeRTOS/Source/list.o
LOAD ./Middlewares/Third_Party/FreeRTOS/Source/queue.o
LOAD ./Middlewares/Third_Party/FreeRTOS/Source/stream_buffer.o
LOAD ./Middlewares/Third_Party/FreeRTOS/Source/tasks.o
LOAD ./Middlewares/Third_Party/FreeRTOS/Source/timers.o
LOAD ./Middlewares/Third_Party/FreeRTOS/Source/portable/GCC/ARM_CM4F/port.o
LOAD ./Middlewares/Third_Party/FreeRTOS/Source/portable/MemMang/heap_4.o
START GROUP
LOAD c:/st/stm32cubeide_1.8.0/stm32cubeide/plugins/com.st.stm32cube.ide.mcu.externaltools.gnu-tools-for-stm32.9-2020-q2-update.win32_2.0.0.202105311346/tools/bin/../lib/gcc/arm-none-eabi/9.3.1/../../../../arm-none-eabi/lib/thumb/v7e-m+fp/hard\libc_nano.a
LOAD c:/st/stm32cubeide_1.8.0/stm32cubeide/plugins/com.st.stm32cube.ide.mcu.externaltools.gnu-tools-for-stm32.9-2020-q2-update.win32_2.0.0.202105311346/tools/bin/../lib/gcc/arm-none-eabi/9.3.1/../../../../arm-none-eabi/lib/thumb/v7e-m+fp/hard\libm.a
END GROUP
START GROUP
LOAD c:/st/stm32cubeide_1.8.0/stm32cubeide/plugins/com.st.stm32cube.ide.mcu.externaltools.gnu-tools-for-stm32.9-2020-q2-update.win32_2.0.0.202105311346/tools/bin/../lib/gcc/arm-none-eabi/9.3.1/thumb/v7e-m+fp/hard\libgcc.a
LOAD c:/st/stm32cubeide_1.8.0/stm32cubeide/plugins/com.st.stm32cube.ide.mcu.externaltools.gnu-tools-for-stm32.9-2020-q2-update.win32_2.0.0.202105311346/tools/bin/../lib/gcc/arm-none-eabi/9.3.1/../../../../arm-none-eabi/lib/thumb/v7e-m+fp/hard\libc_nano.a
END GROUP
START GROUP
LOAD c:/st/stm32cubeide_1.8.0/stm32cubeide/plugins/com.st.stm32cube.ide.mcu.externaltools.gnu-tools-for-stm32.9-2020-q2-update.win32_2.0.0.202105311346/tools/bin/../lib/gcc/arm-none-eabi/9.3.1/thumb/v7e-m+fp/hard\libgcc.a
LOAD c:/st/stm32cubeide_1.8.0/stm32cubeide/plugins/com.st.stm32cube.ide.mcu.externaltools.gnu-tools-for-stm32.9-2020-q2-update.win32_2.0.0.202105311346/tools/bin/../lib/gcc/arm-none-eabi/9.3.1/../../../../arm-none-eabi/lib/thumb/v7e-m+fp/hard\libc_nano.a
LOAD c:/st/stm32cubeide_1.8.0/stm32cubeide/plugins/com.st.stm32cube.ide.mcu.externaltools.gnu-tools-for-stm32.9-2020-q2-update.win32_2.0.0.202105311346/tools/bin/../lib/gcc/arm-none-eabi/9.3.1/../../../../arm-none-eabi/lib/thumb/v7e-m+fp/hard\libnosys.a
END GROUP
START GROUP
LOAD c:/st/stm32cubeide_1.8.0/stm32cubeide/plugins/com.st.stm32cube.ide.mcu.externaltools.gnu-tools-for-stm32.9-2020-q2-update.win32_2.0.0.202105311346/tools/bin/../lib/gcc/arm-none-eabi/9.3.1/thumb/v7e-m+fp/hard\libgcc.a
LOAD c:/st/stm32cubeide_1.8.0/stm32cubeide/plugins/com.st.stm32cube.ide.mcu.externaltools.gnu-tools-for-stm32.9-2020-q2-update.win32_2.0.0.202105311346/tools/bin/../lib/gcc/arm-none-eabi/9.3.1/../../../../arm-none-eabi/lib/thumb/v7e-m+fp/hard\libc_nano.a
LOAD c:/st/stm32cubeide_1.8.0/stm32cubeide/plugins/com.st.stm32cube.ide.mcu.externaltools.gnu-tools-for-stm32.9-2020-q2-update.win32_2.0.0.202105311346/tools/bin/../lib/gcc/arm-none-eabi/9.3.1/../../../../arm-none-eabi/lib/thumb/v7e-m+fp/hard\libnosys.a
END GROUP
LOAD c:/st/stm32cubeide_1.8.0/stm32cubeide/plugins/com.st.stm32cube.ide.mcu.externaltools.gnu-tools-for-stm32.9-2020-q2-update.win32_2.0.0.202105311346/tools/bin/../lib/gcc/arm-none-eabi/9.3.1/thumb/v7e-m+fp/hard/crtend.o
LOAD c:/st/stm32cubeide_1.8.0/stm32cubeide/plugins/com.st.stm32cube.ide.mcu.externaltools.gnu-tools-for-stm32.9-2020-q2-update.win32_2.0.0.202105311346/tools/bin/../lib/gcc/arm-none-eabi/9.3.1/thumb/v7e-m+fp/hard/crtn.o
                0x0000000020020000                _estack = (ORIGIN (RAM) + LENGTH (RAM))
                0x0000000000000200                _Min_Heap_Size = 0x200
                0x0000000000000400                _Min_Stack_Size = 0x400

.isr_vector     0x0000000008000000      0x188
                0x0000000008000000                . = ALIGN (0x4)
 *(.isr_vector)
 .isr_vector    0x0000000008000000      0x188 ./Core/Startup/startup_stm32f407vetx.o
                0x0000000008000000                g_pfnVectors
                0x0000000008000188                . = ALIGN (0x4)

.text           0x0000000008000190     0xeaf8
                0x0000000008000190                . = ALIGN (0x4)
 *(.text)
 .text          0x0000000008000190       0x40 c:/st/stm32cubeide_1.8.0/stm32cubeide/plugins/com.st.stm32cube.ide.mcu.externaltools.gnu-tools-for-stm32.9-2020-q2-update.win32_2.0.0.202105311346/tools/bin/../lib/gcc/arm-none-eabi/9.3.1/thumb/v7e-m+fp/hard/crtbegin.o
 .text          0x00000000080001d0      0x378 c:/st/stm32cubeide_1.8.0/stm32cubeide/plugins/com.st.stm32cube.ide.mcu.externaltools.gnu-tools-for-stm32.9-2020-q2-update.win32_2.0.0.202105311346/tools/bin/../lib/gcc/arm-none-eabi/9.3.1/thumb/v7e-m+fp/hard\libgcc.a(_arm_addsubdf3.o)
                0x00000000080001d0                __aeabi_drsub
                0x00000000080001d8                __aeabi_dsub
                0x00000000080001d8                __subdf3
                0x00000000080001dc                __aeabi_dadd
                0x00000000080001dc                __adddf3
                0x0000000008000454                __floatunsidf
                0x0000000008000454                __aeabi_ui2d
                0x0000000008000474                __floatsidf
                0x0000000008000474                __aeabi_i2d
                0x0000000008000498                __aeabi_f2d
                0x0000000008000498                __extendsfdf2
                0x00000000080004dc                __floatundidf
                0x00000000080004dc                __aeabi_ul2d
                0x00000000080004ec                __floatdidf
                0x00000000080004ec                __aeabi_l2d
 .text          0x0000000008000548      0x424 c:/st/stm32cubeide_1.8.0/stm32cubeide/plugins/com.st.stm32cube.ide.mcu.externaltools.gnu-tools-for-stm32.9-2020-q2-update.win32_2.0.0.202105311346/tools/bin/../lib/gcc/arm-none-eabi/9.3.1/thumb/v7e-m+fp/hard\libgcc.a(_arm_muldivdf3.o)
                0x0000000008000548                __aeabi_dmul
                0x0000000008000548                __muldf3
                0x000000000800079c                __divdf3
                0x000000000800079c                __aeabi_ddiv
 .text          0x000000000800096c      0x110 c:/st/stm32cubeide_1.8.0/stm32cubeide/plugins/com.st.stm32cube.ide.mcu.externaltools.gnu-tools-for-stm32.9-2020-q2-update.win32_2.0.0.202105311346/tools/bin/../lib/gcc/arm-none-eabi/9.3.1/thumb/v7e-m+fp/hard\libgcc.a(_arm_cmpdf2.o)
                0x000000000800096c                __gtdf2
                0x000000000800096c                __gedf2
                0x0000000008000974                __ltdf2
                0x0000000008000974                __ledf2
                0x000000000800097c                __nedf2
                0x000000000800097c                __eqdf2
                0x000000000800097c                __cmpdf2
                0x00000000080009f8                __aeabi_cdrcmple
                0x0000000008000a08                __aeabi_cdcmpeq
                0x0000000008000a08                __aeabi_cdcmple
                0x0000000008000a18                __aeabi_dcmpeq
                0x0000000008000a2c                __aeabi_dcmplt
                0x0000000008000a40                __aeabi_dcmple
                0x0000000008000a54                __aeabi_dcmpge
                0x0000000008000a68                __aeabi_dcmpgt
 .text          0x0000000008000a7c       0x50 c:/st/stm32cubeide_1.8.0/stm32cubeide/plugins/com.st.stm32cube.ide.mcu.externaltools.gnu-tools-for-stm32.9-2020-q2-update.win32_2.0.0.202105311346/tools/bin/../lib/gcc/arm-none-eabi/9.3.1/thumb/v7e-m+fp/hard\libgcc.a(_arm_fixdfsi.o)
                0x0000000008000a7c                __aeabi_d2iz
                0x0000000008000a7c                __fixdfsi
 .text          0x0000000008000acc       0x40 c:/st/stm32cubeide_1.8.0/stm32cubeide/plugins/com.st.stm32cube.ide.mcu.externaltools.gnu-tools-for-stm32.9-2020-q2-update.win32_2.0.0.202105311346/tools/bin/../lib/gcc/arm-none-eabi/9.3.1/thumb/v7e-m+fp/hard\libgcc.a(_arm_fixunsdfsi.o)
                0x0000000008000acc                __aeabi_d2uiz
                0x0000000008000acc                __fixunsdfsi
 .text          0x0000000008000b0c       0xa0 c:/st/stm32cubeide_1.8.0/stm32cubeide/plugins/com.st.stm32cube.ide.mcu.externaltools.gnu-tools-for-stm32.9-2020-q2-update.win32_2.0.0.202105311346/tools/bin/../lib/gcc/arm-none-eabi/9.3.1/thumb/v7e-m+fp/hard\libgcc.a(_arm_truncdfsf2.o)
                0x0000000008000b0c                __truncdfsf2
                0x0000000008000b0c                __aeabi_d2f
 .text          0x0000000008000bac       0x30 c:/st/stm32cubeide_1.8.0/stm32cubeide/plugins/com.st.stm32cube.ide.mcu.externaltools.gnu-tools-for-stm32.9-2020-q2-update.win32_2.0.0.202105311346/tools/bin/../lib/gcc/arm-none-eabi/9.3.1/thumb/v7e-m+fp/hard\libgcc.a(_aeabi_uldivmod.o)
                0x0000000008000bac                __aeabi_uldivmod
 .text          0x0000000008000bdc      0x2c4 c:/st/stm32cubeide_1.8.0/stm32cubeide/plugins/com.st.stm32cube.ide.mcu.externaltools.gnu-tools-for-stm32.9-2020-q2-update.win32_2.0.0.202105311346/tools/bin/../lib/gcc/arm-none-eabi/9.3.1/thumb/v7e-m+fp/hard\libgcc.a(_udivmoddi4.o)
                0x0000000008000bdc                __udivmoddi4
 .text          0x0000000008000ea0        0x4 c:/st/stm32cubeide_1.8.0/stm32cubeide/plugins/com.st.stm32cube.ide.mcu.externaltools.gnu-tools-for-stm32.9-2020-q2-update.win32_2.0.0.202105311346/tools/bin/../lib/gcc/arm-none-eabi/9.3.1/thumb/v7e-m+fp/hard\libgcc.a(_dvmd_tls.o)
                0x0000000008000ea0                __aeabi_idiv0
                0x0000000008000ea0                __aeabi_ldiv0
 *(.text*)
 .text.Back_Up_PC_CMV_Mode_Task
                0x0000000008000ea4      0x260 ./Core/Src/Back_UP_PC_CMV.o
                0x0000000008000ea4                Back_Up_PC_CMV_Mode_Task
 .text.BACKUP_PC_SIMV_Pulse_I_Parameter
                0x0000000008001104       0xe8 ./Core/Src/Back_UP_PC_CMV.o
                0x0000000008001104                BACKUP_PC_SIMV_Pulse_I_Parameter
 .text.BACKUP_PC_SIMV_Pulse_E_Parameter
                0x00000000080011ec       0x5c ./Core/Src/Back_UP_PC_CMV.o
                0x00000000080011ec                BACKUP_PC_SIMV_Pulse_E_Parameter
 .text.PID_Back_Up_PC_CMV_Mode_Task
                0x0000000008001248       0x40 ./Core/Src/Back_UP_PC_CMV.o
                0x0000000008001248                PID_Back_Up_PC_CMV_Mode_Task
 .text.DAC_Value_Correction_BACKUP_PC
                0x0000000008001288       0x70 ./Core/Src/Back_UP_PC_CMV.o
                0x0000000008001288                DAC_Value_Correction_BACKUP_PC
 .text.pip_value_correction_BACKUP_PC
                0x00000000080012f8       0xfc ./Core/Src/Back_UP_PC_CMV.o
                0x00000000080012f8                pip_value_correction_BACKUP_PC
 *fill*         0x00000000080013f4        0x4 
 .text.BACKUP_PC_CMV_PARAMETERS
                0x00000000080013f8      0x290 ./Core/Src/Back_UP_PC_CMV.o
                0x00000000080013f8                BACKUP_PC_CMV_PARAMETERS
 .text.Ending_Dac_value_correction_BACKUP_PC
                0x0000000008001688      0x1a4 ./Core/Src/Back_UP_PC_CMV.o
                0x0000000008001688                Ending_Dac_value_correction_BACKUP_PC
 *fill*         0x000000000800182c        0x4 
 .text.Pip_Acheived_Early_BACKUP_PC
                0x0000000008001830      0x278 ./Core/Src/Back_UP_PC_CMV.o
                0x0000000008001830                Pip_Acheived_Early_BACKUP_PC
 .text.Pip_Acheived_Slowly_BACKUP_PC
                0x0000000008001aa8      0x180 ./Core/Src/Back_UP_PC_CMV.o
                0x0000000008001aa8                Pip_Acheived_Slowly_BACKUP_PC
 .text.Pip_Acheived_Normally_BACKUP_PC
                0x0000000008001c28       0x1c ./Core/Src/Back_UP_PC_CMV.o
                0x0000000008001c28                Pip_Acheived_Normally_BACKUP_PC
 .text.Pip_Not_Acheived_BACKUP_PC
                0x0000000008001c44       0x5c ./Core/Src/Back_UP_PC_CMV.o
                0x0000000008001c44                Pip_Not_Acheived_BACKUP_PC
 .text.Peep_Vale_Lock_delay_BACKUP_PC
                0x0000000008001ca0      0x1b8 ./Core/Src/Back_UP_PC_CMV.o
                0x0000000008001ca0                Peep_Vale_Lock_delay_BACKUP_PC
 .text.Get_Volume
                0x0000000008001e58       0x70 ./Core/Src/Flow_Sensors_Data.o
                0x0000000008001e58                Get_Volume
 .text.AW_flow_raw_Volt
                0x0000000008001ec8       0x5c ./Core/Src/Flow_Sensors_Data.o
                0x0000000008001ec8                AW_flow_raw_Volt
 .text.AW_flow_moving_average
                0x0000000008001f24       0x7c ./Core/Src/Flow_Sensors_Data.o
                0x0000000008001f24                AW_flow_moving_average
 .text.ADS1115_AW_flow_sensor
                0x0000000008001fa0       0x8c ./Core/Src/Flow_Sensors_Data.o
                0x0000000008001fa0                ADS1115_AW_flow_sensor
 .text.Get_AW_Flow
                0x000000000800202c       0x48 ./Core/Src/Flow_Sensors_Data.o
                0x000000000800202c                Get_AW_Flow
 .text.Flow_Sensor_7002_offset
                0x0000000008002074       0x38 ./Core/Src/Flow_Sensors_Data.o
                0x0000000008002074                Flow_Sensor_7002_offset
 .text.adj      0x00000000080020ac       0x38 ./Core/Src/Flow_Sensors_Data.o
                0x00000000080020ac                adj
 *fill*         0x00000000080020e4        0x4 
 .text._Flow    0x00000000080020e8      0x3b0 ./Core/Src/Flow_Sensors_Data.o
                0x00000000080020e8                _Flow
 .text.Flow_Sensor_Value
                0x0000000008002498       0x10 ./Core/Src/Flow_Sensors_Data.o
                0x0000000008002498                Flow_Sensor_Value
 .text.PC_SIMV_Task
                0x00000000080024a8      0x1dc ./Core/Src/Pc_SIMV.o
                0x00000000080024a8                PC_SIMV_Task
 .text.Switch_TASK_I_CYCLE
                0x0000000008002684       0x58 ./Core/Src/Pc_SIMV.o
                0x0000000008002684                Switch_TASK_I_CYCLE
 .text.PC_SIMV_Pulse_I_Parameter
                0x00000000080026dc       0xe8 ./Core/Src/Pc_SIMV.o
                0x00000000080026dc                PC_SIMV_Pulse_I_Parameter
 .text.PC_SIMV_Pulse_E_Parameter
                0x00000000080027c4       0x5c ./Core/Src/Pc_SIMV.o
                0x00000000080027c4                PC_SIMV_Pulse_E_Parameter
 .text.PC_SIMV_PID_Task
                0x0000000008002820       0x40 ./Core/Src/Pc_SIMV.o
                0x0000000008002820                PC_SIMV_PID_Task
 .text.DAC_Value_Correction_SIMV
                0x0000000008002860       0x70 ./Core/Src/Pc_SIMV.o
                0x0000000008002860                DAC_Value_Correction_SIMV
 .text.pip_value_correction_SIMV
                0x00000000080028d0       0xfc ./Core/Src/Pc_SIMV.o
                0x00000000080028d0                pip_value_correction_SIMV
 *fill*         0x00000000080029cc        0x4 
 .text.PC_SIMV_PARAMETERS
                0x00000000080029d0      0x370 ./Core/Src/Pc_SIMV.o
                0x00000000080029d0                PC_SIMV_PARAMETERS
 .text.Ending_Dac_value_correction_SIMV
                0x0000000008002d40      0x1a4 ./Core/Src/Pc_SIMV.o
                0x0000000008002d40                Ending_Dac_value_correction_SIMV
 .text.Peep_Vale_Lock_delay_Pc_SIMV
                0x0000000008002ee4      0x1b8 ./Core/Src/Pc_SIMV.o
                0x0000000008002ee4                Peep_Vale_Lock_delay_Pc_SIMV
 .text.PC_CMV_Task
                0x000000000800309c      0x108 ./Core/Src/Pc_cmv.o
                0x000000000800309c                PC_CMV_Task
 .text.PC_CMV_Pulse_I_Parameter
                0x00000000080031a4       0xdc ./Core/Src/Pc_cmv.o
                0x00000000080031a4                PC_CMV_Pulse_I_Parameter
 .text.PC_CMV_Pulse_E_Parameter
                0x0000000008003280       0x5c ./Core/Src/Pc_cmv.o
                0x0000000008003280                PC_CMV_Pulse_E_Parameter
 .text.Ending_Dac_value_correction
                0x00000000080032dc      0x1a4 ./Core/Src/Pc_cmv.o
                0x00000000080032dc                Ending_Dac_value_correction
 .text.DAC_Value_Correction
                0x0000000008003480       0x70 ./Core/Src/Pc_cmv.o
                0x0000000008003480                DAC_Value_Correction
 .text.pip_value_correction
                0x00000000080034f0       0xfc ./Core/Src/Pc_cmv.o
                0x00000000080034f0                pip_value_correction
 *fill*         0x00000000080035ec        0x4 
 .text.PC_CMV_PARAMETERS
                0x00000000080035f0      0x298 ./Core/Src/Pc_cmv.o
                0x00000000080035f0                PC_CMV_PARAMETERS
 .text.PC_CMV_PID_Task
                0x0000000008003888       0x40 ./Core/Src/Pc_cmv.o
                0x0000000008003888                PC_CMV_PID_Task
 .text.Pip_Acheived_Early
                0x00000000080038c8      0x278 ./Core/Src/Pc_cmv.o
                0x00000000080038c8                Pip_Acheived_Early
 .text.Pip_Acheived_Slowly
                0x0000000008003b40      0x180 ./Core/Src/Pc_cmv.o
                0x0000000008003b40                Pip_Acheived_Slowly
 .text.Pip_Acheived_Normally
                0x0000000008003cc0       0x1c ./Core/Src/Pc_cmv.o
                0x0000000008003cc0                Pip_Acheived_Normally
 .text.Pip_Not_Acheived
                0x0000000008003cdc       0x5c ./Core/Src/Pc_cmv.o
                0x0000000008003cdc                Pip_Not_Acheived
 .text.Peep_Vale_Lock_delay_Pc_cmv
                0x0000000008003d38      0x1b8 ./Core/Src/Pc_cmv.o
                0x0000000008003d38                Peep_Vale_Lock_delay_Pc_cmv
 .text.Pressure_Sensor_Mv
                0x0000000008003ef0       0x34 ./Core/Src/Pressure_Sensors_Data.o
                0x0000000008003ef0                Pressure_Sensor_Mv
 .text.Pressure_Sensor_offset
                0x0000000008003f24       0x40 ./Core/Src/Pressure_Sensors_Data.o
                0x0000000008003f24                Pressure_Sensor_offset
 .text.Pressure_Sensor_Value
                0x0000000008003f64       0x74 ./Core/Src/Pressure_Sensors_Data.o
                0x0000000008003f64                Pressure_Sensor_Value
 .text.PSV_Mode_Task
                0x0000000008003fd8      0x2b4 ./Core/Src/Psv.o
                0x0000000008003fd8                PSV_Mode_Task
 .text.PSV_PARAMETERS
                0x000000000800428c      0x1bc ./Core/Src/Psv.o
                0x000000000800428c                PSV_PARAMETERS
 .text.call_PIP_PSV_DAC_Val
                0x0000000008004448      0x3e0 ./Core/Src/Psv.o
                0x0000000008004448                call_PIP_PSV_DAC_Val
 .text.PSV_PID_Task
                0x0000000008004828       0x80 ./Core/Src/Psv.o
                0x0000000008004828                PSV_PID_Task
 .text.Uart_Transmit_Task
                0x00000000080048a8       0x14 ./Core/Src/Uart.o
                0x00000000080048a8                Uart_Transmit_Task
 .text.chksum8  0x00000000080048bc       0x3c ./Core/Src/Uart.o
                0x00000000080048bc                chksum8
 .text.UART_Transmit
                0x00000000080048f8       0x94 ./Core/Src/Uart.o
                0x00000000080048f8                UART_Transmit
 .text.COMMAND_HANDLER_GRAPH
                0x000000000800498c      0x110 ./Core/Src/Uart.o
                0x000000000800498c                COMMAND_HANDLER_GRAPH
 .text.COMMAND_HANDLER
                0x0000000008004a9c       0x48 ./Core/Src/Uart.o
                0x0000000008004a9c                COMMAND_HANDLER
 .text.Receiver_Task
                0x0000000008004ae4       0x30 ./Core/Src/Uart.o
                0x0000000008004ae4                Receiver_Task
 .text.HAL_UART_RxCpltCallback
                0x0000000008004b14       0x54 ./Core/Src/Uart.o
                0x0000000008004b14                HAL_UART_RxCpltCallback
 .text.VC_SIMV_Task
                0x0000000008004b68      0x1dc ./Core/Src/Vc_SIMV.o
                0x0000000008004b68                VC_SIMV_Task
 .text.VC_SIMV_PID_Task
                0x0000000008004d44       0x74 ./Core/Src/Vc_SIMV.o
                0x0000000008004d44                VC_SIMV_PID_Task
 .text.VC_SIMV_Pulse_I_Parameter
                0x0000000008004db8      0x1dc ./Core/Src/Vc_SIMV.o
                0x0000000008004db8                VC_SIMV_Pulse_I_Parameter
 .text.VC_SIMV_Pulse_E_Parameter
                0x0000000008004f94       0x54 ./Core/Src/Vc_SIMV.o
                0x0000000008004f94                VC_SIMV_Pulse_E_Parameter
 .text.VC_SIMV_PARAMETERS
                0x0000000008004fe8      0x2c8 ./Core/Src/Vc_SIMV.o
                0x0000000008004fe8                VC_SIMV_PARAMETERS
 .text.volume_task_SIMV
                0x00000000080052b0      0x100 ./Core/Src/Vc_SIMV.o
                0x00000000080052b0                volume_task_SIMV
 .text.Peep_Vale_Lock_delay_Vc_simv
                0x00000000080053b0      0x1b8 ./Core/Src/Vc_SIMV.o
                0x00000000080053b0                Peep_Vale_Lock_delay_Vc_simv
 .text.Vc_Cmv_Task
                0x0000000008005568      0x108 ./Core/Src/Vc_cmv.o
                0x0000000008005568                Vc_Cmv_Task
 .text.Vc_cmv_PID_Task
                0x0000000008005670       0x74 ./Core/Src/Vc_cmv.o
                0x0000000008005670                Vc_cmv_PID_Task
 .text.VC_CMV_Pulse_I_Parameter
                0x00000000080056e4      0x1dc ./Core/Src/Vc_cmv.o
                0x00000000080056e4                VC_CMV_Pulse_I_Parameter
 .text.VC_CMV_Pulse_E_Parameter
                0x00000000080058c0       0x54 ./Core/Src/Vc_cmv.o
                0x00000000080058c0                VC_CMV_Pulse_E_Parameter
 .text.VC_CMV_PARAMETERS
                0x0000000008005914      0x1f0 ./Core/Src/Vc_cmv.o
                0x0000000008005914                VC_CMV_PARAMETERS
 .text.volume_task
                0x0000000008005b04      0x100 ./Core/Src/Vc_cmv.o
                0x0000000008005b04                volume_task
 .text.Peep_Vale_Lock_delay_Vc_cmv
                0x0000000008005c04      0x1b8 ./Core/Src/Vc_cmv.o
                0x0000000008005c04                Peep_Vale_Lock_delay_Vc_cmv
 .text.vApplicationGetIdleTaskMemory
                0x0000000008005dbc       0x34 ./Core/Src/freertos.o
                0x0000000008005dbc                vApplicationGetIdleTaskMemory
 .text.vApplicationGetTimerTaskMemory
                0x0000000008005df0       0x34 ./Core/Src/freertos.o
                0x0000000008005df0                vApplicationGetTimerTaskMemory
 .text.Pressure_Min_Max
                0x0000000008005e24       0x60 ./Core/Src/main.o
                0x0000000008005e24                Pressure_Min_Max
 .text.main     0x0000000008005e84      0x310 ./Core/Src/main.o
                0x0000000008005e84                main
 .text.SystemClock_Config
                0x0000000008006194       0xd4 ./Core/Src/main.o
                0x0000000008006194                SystemClock_Config
 .text.MX_ADC1_Init
                0x0000000008006268      0x114 ./Core/Src/main.o
 .text.MX_DAC_Init
                0x000000000800637c       0x68 ./Core/Src/main.o
 .text.MX_I2C2_Init
                0x00000000080063e4       0x5c ./Core/Src/main.o
 .text.MX_TIM12_Init
                0x0000000008006440       0xc8 ./Core/Src/main.o
 .text.MX_UART5_Init
                0x0000000008006508       0x54 ./Core/Src/main.o
 .text.MX_USART6_UART_Init
                0x000000000800655c       0x54 ./Core/Src/main.o
 .text.MX_DMA_Init
                0x00000000080065b0       0x40 ./Core/Src/main.o
 .text.MX_GPIO_Init
                0x00000000080065f0      0x17c ./Core/Src/main.o
 .text.One_Time_Task
                0x000000000800676c       0xf4 ./Core/Src/main.o
                0x000000000800676c                One_Time_Task
 .text.Offset_Task
                0x0000000008006860       0xc4 ./Core/Src/main.o
                0x0000000008006860                Offset_Task
 .text.Sensor_Data_Read_Task
                0x0000000008006924       0x1c ./Core/Src/main.o
                0x0000000008006924                Sensor_Data_Read_Task
 .text.One_Milli_Second_Task
                0x0000000008006940      0x124 ./Core/Src/main.o
                0x0000000008006940                One_Milli_Second_Task
 .text.HAL_TIM_PeriodElapsedCallback
                0x0000000008006a64       0x24 ./Core/Src/main.o
                0x0000000008006a64                HAL_TIM_PeriodElapsedCallback
 .text.Error_Handler
                0x0000000008006a88        0xa ./Core/Src/main.o
                0x0000000008006a88                Error_Handler
 *fill*         0x0000000008006a92        0x2 
 .text.HAL_MspInit
                0x0000000008006a94       0x58 ./Core/Src/stm32f4xx_hal_msp.o
                0x0000000008006a94                HAL_MspInit
 .text.HAL_ADC_MspInit
                0x0000000008006aec      0x128 ./Core/Src/stm32f4xx_hal_msp.o
                0x0000000008006aec                HAL_ADC_MspInit
 .text.HAL_DAC_MspInit
                0x0000000008006c14       0x98 ./Core/Src/stm32f4xx_hal_msp.o
                0x0000000008006c14                HAL_DAC_MspInit
 .text.HAL_I2C_MspInit
                0x0000000008006cac       0x90 ./Core/Src/stm32f4xx_hal_msp.o
                0x0000000008006cac                HAL_I2C_MspInit
 .text.HAL_TIM_Base_MspInit
                0x0000000008006d3c       0x44 ./Core/Src/stm32f4xx_hal_msp.o
                0x0000000008006d3c                HAL_TIM_Base_MspInit
 .text.HAL_TIM_MspPostInit
                0x0000000008006d80       0x74 ./Core/Src/stm32f4xx_hal_msp.o
                0x0000000008006d80                HAL_TIM_MspPostInit
 .text.HAL_UART_MspInit
                0x0000000008006df4      0x158 ./Core/Src/stm32f4xx_hal_msp.o
                0x0000000008006df4                HAL_UART_MspInit
 .text.HAL_InitTick
                0x0000000008006f4c       0xb4 ./Core/Src/stm32f4xx_hal_timebase_tim.o
                0x0000000008006f4c                HAL_InitTick
 .text.NMI_Handler
                0x0000000008007000        0x6 ./Core/Src/stm32f4xx_it.o
                0x0000000008007000                NMI_Handler
 .text.HardFault_Handler
                0x0000000008007006        0x6 ./Core/Src/stm32f4xx_it.o
                0x0000000008007006                HardFault_Handler
 .text.MemManage_Handler
                0x000000000800700c        0x6 ./Core/Src/stm32f4xx_it.o
                0x000000000800700c                MemManage_Handler
 .text.BusFault_Handler
                0x0000000008007012        0x6 ./Core/Src/stm32f4xx_it.o
                0x0000000008007012                BusFault_Handler
 .text.UsageFault_Handler
                0x0000000008007018        0x6 ./Core/Src/stm32f4xx_it.o
                0x0000000008007018                UsageFault_Handler
 .text.DebugMon_Handler
                0x000000000800701e        0xe ./Core/Src/stm32f4xx_it.o
                0x000000000800701e                DebugMon_Handler
 .text.EXTI2_IRQHandler
                0x000000000800702c        0xe ./Core/Src/stm32f4xx_it.o
                0x000000000800702c                EXTI2_IRQHandler
 *fill*         0x000000000800703a        0x2 
 .text.UART5_IRQHandler
                0x000000000800703c       0x14 ./Core/Src/stm32f4xx_it.o
                0x000000000800703c                UART5_IRQHandler
 .text.TIM6_DAC_IRQHandler
                0x0000000008007050       0x28 ./Core/Src/stm32f4xx_it.o
                0x0000000008007050                TIM6_DAC_IRQHandler
 .text.DMA2_Stream0_IRQHandler
                0x0000000008007078       0x14 ./Core/Src/stm32f4xx_it.o
                0x0000000008007078                DMA2_Stream0_IRQHandler
 .text.USART6_IRQHandler
                0x000000000800708c       0x14 ./Core/Src/stm32f4xx_it.o
                0x000000000800708c                USART6_IRQHandler
 .text.SystemInit
                0x00000000080070a0       0x24 ./Core/Src/system_stm32f4xx.o
                0x00000000080070a0                SystemInit
 .text.Reset_Handler
                0x00000000080070c4       0x50 ./Core/Startup/startup_stm32f407vetx.o
                0x00000000080070c4                Reset_Handler
 .text.Default_Handler
                0x0000000008007114        0x2 ./Core/Startup/startup_stm32f407vetx.o
                0x0000000008007114                RTC_Alarm_IRQHandler
                0x0000000008007114                HASH_RNG_IRQHandler
                0x0000000008007114                TIM8_CC_IRQHandler
                0x0000000008007114                TIM1_CC_IRQHandler
                0x0000000008007114                DMA2_Stream5_IRQHandler
                0x0000000008007114                DMA1_Stream5_IRQHandler
                0x0000000008007114                PVD_IRQHandler
                0x0000000008007114                SDIO_IRQHandler
                0x0000000008007114                TAMP_STAMP_IRQHandler
                0x0000000008007114                CAN2_RX1_IRQHandler
                0x0000000008007114                EXTI3_IRQHandler
                0x0000000008007114                TIM8_TRG_COM_TIM14_IRQHandler
                0x0000000008007114                TIM1_UP_TIM10_IRQHandler
                0x0000000008007114                TIM8_UP_TIM13_IRQHandler
                0x0000000008007114                I2C3_ER_IRQHandler
                0x0000000008007114                EXTI0_IRQHandler
                0x0000000008007114                I2C2_EV_IRQHandler
                0x0000000008007114                DMA1_Stream2_IRQHandler
                0x0000000008007114                CAN1_RX0_IRQHandler
                0x0000000008007114                FPU_IRQHandler
                0x0000000008007114                OTG_HS_WKUP_IRQHandler
                0x0000000008007114                CAN2_SCE_IRQHandler
                0x0000000008007114                DMA2_Stream2_IRQHandler
                0x0000000008007114                SPI1_IRQHandler
                0x0000000008007114                TIM1_BRK_TIM9_IRQHandler
                0x0000000008007114                DCMI_IRQHandler
                0x0000000008007114                CAN2_RX0_IRQHandler
                0x0000000008007114                DMA2_Stream3_IRQHandler
                0x0000000008007114                USART3_IRQHandler
                0x0000000008007114                CAN1_RX1_IRQHandler
                0x0000000008007114                TIM4_IRQHandler
                0x0000000008007114                I2C1_EV_IRQHandler
                0x0000000008007114                DMA1_Stream6_IRQHandler
                0x0000000008007114                DMA1_Stream1_IRQHandler
                0x0000000008007114                UART4_IRQHandler
                0x0000000008007114                TIM3_IRQHandler
                0x0000000008007114                RCC_IRQHandler
                0x0000000008007114                TIM8_BRK_TIM12_IRQHandler
                0x0000000008007114                Default_Handler
                0x0000000008007114                EXTI15_10_IRQHandler
                0x0000000008007114                ADC_IRQHandler
                0x0000000008007114                DMA1_Stream7_IRQHandler
                0x0000000008007114                TIM7_IRQHandler
                0x0000000008007114                CAN2_TX_IRQHandler
                0x0000000008007114                TIM5_IRQHandler
                0x0000000008007114                DMA2_Stream7_IRQHandler
                0x0000000008007114                I2C3_EV_IRQHandler
                0x0000000008007114                EXTI9_5_IRQHandler
                0x0000000008007114                RTC_WKUP_IRQHandler
                0x0000000008007114                ETH_WKUP_IRQHandler
                0x0000000008007114                SPI2_IRQHandler
                0x0000000008007114                OTG_HS_EP1_IN_IRQHandler
                0x0000000008007114                DMA1_Stream0_IRQHandler
                0x0000000008007114                CAN1_TX_IRQHandler
                0x0000000008007114                EXTI4_IRQHandler
                0x0000000008007114                FSMC_IRQHandler
                0x0000000008007114                ETH_IRQHandler
                0x0000000008007114                OTG_HS_EP1_OUT_IRQHandler
                0x0000000008007114                WWDG_IRQHandler
                0x0000000008007114                TIM2_IRQHandler
                0x0000000008007114                OTG_FS_WKUP_IRQHandler
                0x0000000008007114                TIM1_TRG_COM_TIM11_IRQHandler
                0x0000000008007114                OTG_HS_IRQHandler
                0x0000000008007114                EXTI1_IRQHandler
                0x0000000008007114                USART2_IRQHandler
                0x0000000008007114                I2C2_ER_IRQHandler
                0x0000000008007114                DMA2_Stream1_IRQHandler
                0x0000000008007114                CAN1_SCE_IRQHandler
                0x0000000008007114                FLASH_IRQHandler
                0x0000000008007114                DMA2_Stream4_IRQHandler
                0x0000000008007114                USART1_IRQHandler
                0x0000000008007114                OTG_FS_IRQHandler
                0x0000000008007114                SPI3_IRQHandler
                0x0000000008007114                DMA1_Stream4_IRQHandler
                0x0000000008007114                I2C1_ER_IRQHandler
                0x0000000008007114                DMA2_Stream6_IRQHandler
                0x0000000008007114                DMA1_Stream3_IRQHandler
 *fill*         0x0000000008007116        0x2 
 .text.HAL_Init
                0x0000000008007118       0x44 ./Drivers/STM32F4xx_HAL_Driver/Src/stm32f4xx_hal.o
                0x0000000008007118                HAL_Init
 .text.HAL_IncTick
                0x000000000800715c       0x28 ./Drivers/STM32F4xx_HAL_Driver/Src/stm32f4xx_hal.o
                0x000000000800715c                HAL_IncTick
 .text.HAL_GetTick
                0x0000000008007184       0x18 ./Drivers/STM32F4xx_HAL_Driver/Src/stm32f4xx_hal.o
                0x0000000008007184                HAL_GetTick
 .text.HAL_ADC_Init
                0x000000000800719c       0x86 ./Drivers/STM32F4xx_HAL_Driver/Src/stm32f4xx_hal_adc.o
                0x000000000800719c                HAL_ADC_Init
 *fill*         0x0000000008007222        0x2 
 .text.HAL_ADC_Start_DMA
                0x0000000008007224      0x220 ./Drivers/STM32F4xx_HAL_Driver/Src/stm32f4xx_hal_adc.o
                0x0000000008007224                HAL_ADC_Start_DMA
 .text.HAL_ADC_ConvCpltCallback
                0x0000000008007444       0x14 ./Drivers/STM32F4xx_HAL_Driver/Src/stm32f4xx_hal_adc.o
                0x0000000008007444                HAL_ADC_ConvCpltCallback
 .text.HAL_ADC_ConvHalfCpltCallback
                0x0000000008007458       0x14 ./Drivers/STM32F4xx_HAL_Driver/Src/stm32f4xx_hal_adc.o
                0x0000000008007458                HAL_ADC_ConvHalfCpltCallback
 .text.HAL_ADC_ErrorCallback
                0x000000000800746c       0x14 ./Drivers/STM32F4xx_HAL_Driver/Src/stm32f4xx_hal_adc.o
                0x000000000800746c                HAL_ADC_ErrorCallback
 .text.HAL_ADC_ConfigChannel
                0x0000000008007480      0x244 ./Drivers/STM32F4xx_HAL_Driver/Src/stm32f4xx_hal_adc.o
                0x0000000008007480                HAL_ADC_ConfigChannel
 .text.ADC_Init
                0x00000000080076c4      0x1f8 ./Drivers/STM32F4xx_HAL_Driver/Src/stm32f4xx_hal_adc.o
 .text.ADC_DMAConvCplt
                0x00000000080078bc       0xba ./Drivers/STM32F4xx_HAL_Driver/Src/stm32f4xx_hal_adc.o
 .text.ADC_DMAHalfConvCplt
                0x0000000008007976       0x1c ./Drivers/STM32F4xx_HAL_Driver/Src/stm32f4xx_hal_adc.o
 .text.ADC_DMAError
                0x0000000008007992       0x2e ./Drivers/STM32F4xx_HAL_Driver/Src/stm32f4xx_hal_adc.o
 .text.__NVIC_SetPriorityGrouping
                0x00000000080079c0       0x48 ./Drivers/STM32F4xx_HAL_Driver/Src/stm32f4xx_hal_cortex.o
 .text.__NVIC_GetPriorityGrouping
                0x0000000008007a08       0x1c ./Drivers/STM32F4xx_HAL_Driver/Src/stm32f4xx_hal_cortex.o
 .text.__NVIC_EnableIRQ
                0x0000000008007a24       0x3c ./Drivers/STM32F4xx_HAL_Driver/Src/stm32f4xx_hal_cortex.o
 .text.__NVIC_SetPriority
                0x0000000008007a60       0x54 ./Drivers/STM32F4xx_HAL_Driver/Src/stm32f4xx_hal_cortex.o
 .text.NVIC_EncodePriority
                0x0000000008007ab4       0x66 ./Drivers/STM32F4xx_HAL_Driver/Src/stm32f4xx_hal_cortex.o
 .text.HAL_NVIC_SetPriorityGrouping
                0x0000000008007b1a       0x16 ./Drivers/STM32F4xx_HAL_Driver/Src/stm32f4xx_hal_cortex.o
                0x0000000008007b1a                HAL_NVIC_SetPriorityGrouping
 .text.HAL_NVIC_SetPriority
                0x0000000008007b30       0x38 ./Drivers/STM32F4xx_HAL_Driver/Src/stm32f4xx_hal_cortex.o
                0x0000000008007b30                HAL_NVIC_SetPriority
 .text.HAL_NVIC_EnableIRQ
                0x0000000008007b68       0x1c ./Drivers/STM32F4xx_HAL_Driver/Src/stm32f4xx_hal_cortex.o
                0x0000000008007b68                HAL_NVIC_EnableIRQ
 .text.HAL_DAC_Init
                0x0000000008007b84       0x44 ./Drivers/STM32F4xx_HAL_Driver/Src/stm32f4xx_hal_dac.o
                0x0000000008007b84                HAL_DAC_Init
 .text.HAL_DAC_Start
                0x0000000008007bc8       0xa4 ./Drivers/STM32F4xx_HAL_Driver/Src/stm32f4xx_hal_dac.o
                0x0000000008007bc8                HAL_DAC_Start
 .text.HAL_DAC_IRQHandler
                0x0000000008007c6c       0xb4 ./Drivers/STM32F4xx_HAL_Driver/Src/stm32f4xx_hal_dac.o
                0x0000000008007c6c                HAL_DAC_IRQHandler
 .text.HAL_DAC_SetValue
                0x0000000008007d20       0x4a ./Drivers/STM32F4xx_HAL_Driver/Src/stm32f4xx_hal_dac.o
                0x0000000008007d20                HAL_DAC_SetValue
 .text.HAL_DAC_DMAUnderrunCallbackCh1
                0x0000000008007d6a       0x14 ./Drivers/STM32F4xx_HAL_Driver/Src/stm32f4xx_hal_dac.o
                0x0000000008007d6a                HAL_DAC_DMAUnderrunCallbackCh1
 .text.HAL_DAC_ConfigChannel
                0x0000000008007d7e       0x9e ./Drivers/STM32F4xx_HAL_Driver/Src/stm32f4xx_hal_dac.o
                0x0000000008007d7e                HAL_DAC_ConfigChannel
 .text.HAL_DACEx_DMAUnderrunCallbackCh2
                0x0000000008007e1c       0x14 ./Drivers/STM32F4xx_HAL_Driver/Src/stm32f4xx_hal_dac_ex.o
                0x0000000008007e1c                HAL_DACEx_DMAUnderrunCallbackCh2
 .text.HAL_DMA_Init
                0x0000000008007e30      0x15c ./Drivers/STM32F4xx_HAL_Driver/Src/stm32f4xx_hal_dma.o
                0x0000000008007e30                HAL_DMA_Init
 .text.HAL_DMA_Start_IT
                0x0000000008007f8c       0xb0 ./Drivers/STM32F4xx_HAL_Driver/Src/stm32f4xx_hal_dma.o
                0x0000000008007f8c                HAL_DMA_Start_IT
 .text.HAL_DMA_Abort
                0x000000000800803c       0xe0 ./Drivers/STM32F4xx_HAL_Driver/Src/stm32f4xx_hal_dma.o
                0x000000000800803c                HAL_DMA_Abort
 .text.HAL_DMA_Abort_IT
                0x000000000800811c       0x44 ./Drivers/STM32F4xx_HAL_Driver/Src/stm32f4xx_hal_dma.o
                0x000000000800811c                HAL_DMA_Abort_IT
 .text.HAL_DMA_IRQHandler
                0x0000000008008160      0x314 ./Drivers/STM32F4xx_HAL_Driver/Src/stm32f4xx_hal_dma.o
                0x0000000008008160                HAL_DMA_IRQHandler
 .text.DMA_SetConfig
                0x0000000008008474       0x5c ./Drivers/STM32F4xx_HAL_Driver/Src/stm32f4xx_hal_dma.o
 .text.DMA_CalcBaseAndBitshift
                0x00000000080084d0       0x6c ./Drivers/STM32F4xx_HAL_Driver/Src/stm32f4xx_hal_dma.o
 .text.DMA_CheckFifoParam
                0x000000000800853c       0xf8 ./Drivers/STM32F4xx_HAL_Driver/Src/stm32f4xx_hal_dma.o
 .text.HAL_GPIO_Init
                0x0000000008008634      0x338 ./Drivers/STM32F4xx_HAL_Driver/Src/stm32f4xx_hal_gpio.o
                0x0000000008008634                HAL_GPIO_Init
 .text.HAL_GPIO_WritePin
                0x000000000800896c       0x32 ./Drivers/STM32F4xx_HAL_Driver/Src/stm32f4xx_hal_gpio.o
                0x000000000800896c                HAL_GPIO_WritePin
 *fill*         0x000000000800899e        0x2 
 .text.HAL_GPIO_EXTI_IRQHandler
                0x00000000080089a0       0x30 ./Drivers/STM32F4xx_HAL_Driver/Src/stm32f4xx_hal_gpio.o
                0x00000000080089a0                HAL_GPIO_EXTI_IRQHandler
 .text.HAL_GPIO_EXTI_Callback
                0x00000000080089d0       0x16 ./Drivers/STM32F4xx_HAL_Driver/Src/stm32f4xx_hal_gpio.o
                0x00000000080089d0                HAL_GPIO_EXTI_Callback
 *fill*         0x00000000080089e6        0x2 
 .text.HAL_I2C_Init
                0x00000000080089e8      0x288 ./Drivers/STM32F4xx_HAL_Driver/Src/stm32f4xx_hal_i2c.o
                0x00000000080089e8                HAL_I2C_Init
 .text.HAL_I2C_Master_Transmit
                0x0000000008008c70      0x1fc ./Drivers/STM32F4xx_HAL_Driver/Src/stm32f4xx_hal_i2c.o
                0x0000000008008c70                HAL_I2C_Master_Transmit
 .text.HAL_I2C_Master_Receive
                0x0000000008008e6c      0x44c ./Drivers/STM32F4xx_HAL_Driver/Src/stm32f4xx_hal_i2c.o
                0x0000000008008e6c                HAL_I2C_Master_Receive
 .text.I2C_MasterRequestWrite
                0x00000000080092b8      0x104 ./Drivers/STM32F4xx_HAL_Driver/Src/stm32f4xx_hal_i2c.o
 .text.I2C_MasterRequestRead
                0x00000000080093bc      0x19c ./Drivers/STM32F4xx_HAL_Driver/Src/stm32f4xx_hal_i2c.o
 .text.I2C_WaitOnFlagUntilTimeout
                0x0000000008009558       0xae ./Drivers/STM32F4xx_HAL_Driver/Src/stm32f4xx_hal_i2c.o
 .text.I2C_WaitOnMasterAddressFlagUntilTimeout
                0x0000000008009606       0xfe ./Drivers/STM32F4xx_HAL_Driver/Src/stm32f4xx_hal_i2c.o
 .text.I2C_WaitOnTXEFlagUntilTimeout
                0x0000000008009704       0x82 ./Drivers/STM32F4xx_HAL_Driver/Src/stm32f4xx_hal_i2c.o
 .text.I2C_WaitOnBTFFlagUntilTimeout
                0x0000000008009786       0x82 ./Drivers/STM32F4xx_HAL_Driver/Src/stm32f4xx_hal_i2c.o
 .text.I2C_WaitOnRXNEFlagUntilTimeout
                0x0000000008009808       0xac ./Drivers/STM32F4xx_HAL_Driver/Src/stm32f4xx_hal_i2c.o
 .text.I2C_IsAcknowledgeFailed
                0x00000000080098b4       0x5e ./Drivers/STM32F4xx_HAL_Driver/Src/stm32f4xx_hal_i2c.o
 *fill*         0x0000000008009912        0x2 
 .text.HAL_RCC_OscConfig
                0x0000000008009914      0x4f0 ./Drivers/STM32F4xx_HAL_Driver/Src/stm32f4xx_hal_rcc.o
                0x0000000008009914                HAL_RCC_OscConfig
 .text.HAL_RCC_ClockConfig
                0x0000000008009e04      0x1cc ./Drivers/STM32F4xx_HAL_Driver/Src/stm32f4xx_hal_rcc.o
                0x0000000008009e04                HAL_RCC_ClockConfig
 .text.HAL_RCC_GetSysClockFreq
                0x0000000008009fd0      0x1c0 ./Drivers/STM32F4xx_HAL_Driver/Src/stm32f4xx_hal_rcc.o
                0x0000000008009fd0                HAL_RCC_GetSysClockFreq
 .text.HAL_RCC_GetHCLKFreq
                0x000000000800a190       0x18 ./Drivers/STM32F4xx_HAL_Driver/Src/stm32f4xx_hal_rcc.o
                0x000000000800a190                HAL_RCC_GetHCLKFreq
 .text.HAL_RCC_GetPCLK1Freq
                0x000000000800a1a8       0x28 ./Drivers/STM32F4xx_HAL_Driver/Src/stm32f4xx_hal_rcc.o
                0x000000000800a1a8                HAL_RCC_GetPCLK1Freq
 .text.HAL_RCC_GetPCLK2Freq
                0x000000000800a1d0       0x28 ./Drivers/STM32F4xx_HAL_Driver/Src/stm32f4xx_hal_rcc.o
                0x000000000800a1d0                HAL_RCC_GetPCLK2Freq
 .text.HAL_RCC_GetClockConfig
                0x000000000800a1f8       0x64 ./Drivers/STM32F4xx_HAL_Driver/Src/stm32f4xx_hal_rcc.o
                0x000000000800a1f8                HAL_RCC_GetClockConfig
 .text.HAL_TIM_Base_Init
                0x000000000800a25c       0x9e ./Drivers/STM32F4xx_HAL_Driver/Src/stm32f4xx_hal_tim.o
                0x000000000800a25c                HAL_TIM_Base_Init
 *fill*         0x000000000800a2fa        0x2 
 .text.HAL_TIM_Base_Start_IT
                0x000000000800a2fc       0xe0 ./Drivers/STM32F4xx_HAL_Driver/Src/stm32f4xx_hal_tim.o
                0x000000000800a2fc                HAL_TIM_Base_Start_IT
 .text.HAL_TIM_PWM_Init
                0x000000000800a3dc       0x9e ./Drivers/STM32F4xx_HAL_Driver/Src/stm32f4xx_hal_tim.o
                0x000000000800a3dc                HAL_TIM_PWM_Init
 .text.HAL_TIM_PWM_MspInit
                0x000000000800a47a       0x14 ./Drivers/STM32F4xx_HAL_Driver/Src/stm32f4xx_hal_tim.o
                0x000000000800a47a                HAL_TIM_PWM_MspInit
 *fill*         0x000000000800a48e        0x2 
 .text.HAL_TIM_PWM_Start
                0x000000000800a490      0x190 ./Drivers/STM32F4xx_HAL_Driver/Src/stm32f4xx_hal_tim.o
                0x000000000800a490                HAL_TIM_PWM_Start
 .text.HAL_TIM_IRQHandler
                0x000000000800a620      0x210 ./Drivers/STM32F4xx_HAL_Driver/Src/stm32f4xx_hal_tim.o
                0x000000000800a620                HAL_TIM_IRQHandler
 .text.HAL_TIM_PWM_ConfigChannel
                0x000000000800a830      0x184 ./Drivers/STM32F4xx_HAL_Driver/Src/stm32f4xx_hal_tim.o
                0x000000000800a830                HAL_TIM_PWM_ConfigChannel
 .text.HAL_TIM_ConfigClockSource
                0x000000000800a9b4      0x18e ./Drivers/STM32F4xx_HAL_Driver/Src/stm32f4xx_hal_tim.o
                0x000000000800a9b4                HAL_TIM_ConfigClockSource
 .text.HAL_TIM_OC_DelayElapsedCallback
                0x000000000800ab42       0x14 ./Drivers/STM32F4xx_HAL_Driver/Src/stm32f4xx_hal_tim.o
                0x000000000800ab42                HAL_TIM_OC_DelayElapsedCallback
 .text.HAL_TIM_IC_CaptureCallback
                0x000000000800ab56       0x14 ./Drivers/STM32F4xx_HAL_Driver/Src/stm32f4xx_hal_tim.o
                0x000000000800ab56                HAL_TIM_IC_CaptureCallback
 .text.HAL_TIM_PWM_PulseFinishedCallback
                0x000000000800ab6a       0x14 ./Drivers/STM32F4xx_HAL_Driver/Src/stm32f4xx_hal_tim.o
                0x000000000800ab6a                HAL_TIM_PWM_PulseFinishedCallback
 .text.HAL_TIM_TriggerCallback
                0x000000000800ab7e       0x14 ./Drivers/STM32F4xx_HAL_Driver/Src/stm32f4xx_hal_tim.o
                0x000000000800ab7e                HAL_TIM_TriggerCallback
 *fill*         0x000000000800ab92        0x2 
 .text.TIM_Base_SetConfig
                0x000000000800ab94      0x140 ./Drivers/STM32F4xx_HAL_Driver/Src/stm32f4xx_hal_tim.o
                0x000000000800ab94                TIM_Base_SetConfig
 .text.TIM_OC1_SetConfig
                0x000000000800acd4       0xe0 ./Drivers/STM32F4xx_HAL_Driver/Src/stm32f4xx_hal_tim.o
 .text.TIM_OC2_SetConfig
                0x000000000800adb4       0xec ./Drivers/STM32F4xx_HAL_Driver/Src/stm32f4xx_hal_tim.o
                0x000000000800adb4                TIM_OC2_SetConfig
 .text.TIM_OC3_SetConfig
                0x000000000800aea0       0xe8 ./Drivers/STM32F4xx_HAL_Driver/Src/stm32f4xx_hal_tim.o
 .text.TIM_OC4_SetConfig
                0x000000000800af88       0xac ./Drivers/STM32F4xx_HAL_Driver/Src/stm32f4xx_hal_tim.o
 .text.TIM_TI1_ConfigInputStage
                0x000000000800b034       0x5e ./Drivers/STM32F4xx_HAL_Driver/Src/stm32f4xx_hal_tim.o
 .text.TIM_TI2_ConfigInputStage
                0x000000000800b092       0x60 ./Drivers/STM32F4xx_HAL_Driver/Src/stm32f4xx_hal_tim.o
 .text.TIM_ITRx_SetConfig
                0x000000000800b0f2       0x36 ./Drivers/STM32F4xx_HAL_Driver/Src/stm32f4xx_hal_tim.o
 .text.TIM_ETR_SetConfig
                0x000000000800b128       0x40 ./Drivers/STM32F4xx_HAL_Driver/Src/stm32f4xx_hal_tim.o
                0x000000000800b128                TIM_ETR_SetConfig
 .text.TIM_CCxChannelCmd
                0x000000000800b168       0x4a ./Drivers/STM32F4xx_HAL_Driver/Src/stm32f4xx_hal_tim.o
                0x000000000800b168                TIM_CCxChannelCmd
 .text.HAL_TIMEx_CommutCallback
                0x000000000800b1b2       0x14 ./Drivers/STM32F4xx_HAL_Driver/Src/stm32f4xx_hal_tim_ex.o
                0x000000000800b1b2                HAL_TIMEx_CommutCallback
 .text.HAL_TIMEx_BreakCallback
                0x000000000800b1c6       0x14 ./Drivers/STM32F4xx_HAL_Driver/Src/stm32f4xx_hal_tim_ex.o
                0x000000000800b1c6                HAL_TIMEx_BreakCallback
 .text.HAL_UART_Init
                0x000000000800b1da       0x9a ./Drivers/STM32F4xx_HAL_Driver/Src/stm32f4xx_hal_uart.o
                0x000000000800b1da                HAL_UART_Init
 .text.HAL_UART_Transmit_IT
                0x000000000800b274       0x8a ./Drivers/STM32F4xx_HAL_Driver/Src/stm32f4xx_hal_uart.o
                0x000000000800b274                HAL_UART_Transmit_IT
 .text.HAL_UART_Receive_IT
                0x000000000800b2fe       0x60 ./Drivers/STM32F4xx_HAL_Driver/Src/stm32f4xx_hal_uart.o
                0x000000000800b2fe                HAL_UART_Receive_IT
 *fill*         0x000000000800b35e        0x2 
 .text.HAL_UART_IRQHandler
                0x000000000800b360      0x51c ./Drivers/STM32F4xx_HAL_Driver/Src/stm32f4xx_hal_uart.o
                0x000000000800b360                HAL_UART_IRQHandler
 .text.HAL_UART_TxCpltCallback
                0x000000000800b87c       0x14 ./Drivers/STM32F4xx_HAL_Driver/Src/stm32f4xx_hal_uart.o
                0x000000000800b87c                HAL_UART_TxCpltCallback
 .text.HAL_UART_ErrorCallback
                0x000000000800b890       0x14 ./Drivers/STM32F4xx_HAL_Driver/Src/stm32f4xx_hal_uart.o
                0x000000000800b890                HAL_UART_ErrorCallback
 .text.HAL_UARTEx_RxEventCallback
                0x000000000800b8a4       0x18 ./Drivers/STM32F4xx_HAL_Driver/Src/stm32f4xx_hal_uart.o
                0x000000000800b8a4                HAL_UARTEx_RxEventCallback
 .text.UART_Start_Receive_IT
                0x000000000800b8bc       0x74 ./Drivers/STM32F4xx_HAL_Driver/Src/stm32f4xx_hal_uart.o
                0x000000000800b8bc                UART_Start_Receive_IT
 .text.UART_EndRxTransfer
                0x000000000800b930       0xc6 ./Drivers/STM32F4xx_HAL_Driver/Src/stm32f4xx_hal_uart.o
 .text.UART_DMAAbortOnError
                0x000000000800b9f6       0x28 ./Drivers/STM32F4xx_HAL_Driver/Src/stm32f4xx_hal_uart.o
 .text.UART_Transmit_IT
                0x000000000800ba1e       0xa0 ./Drivers/STM32F4xx_HAL_Driver/Src/stm32f4xx_hal_uart.o
 .text.UART_EndTransmit_IT
                0x000000000800babe       0x30 ./Drivers/STM32F4xx_HAL_Driver/Src/stm32f4xx_hal_uart.o
 .text.UART_Receive_IT
                0x000000000800baee      0x176 ./Drivers/STM32F4xx_HAL_Driver/Src/stm32f4xx_hal_uart.o
 .text.UART_SetConfig
                0x000000000800bc64      0x390 ./Drivers/STM32F4xx_HAL_Driver/Src/stm32f4xx_hal_uart.o
 .text.vListInitialise
                0x000000000800bff4       0x40 ./Middlewares/Third_Party/FreeRTOS/Source/list.o
                0x000000000800bff4                vListInitialise
 .text.vListInitialiseItem
                0x000000000800c034       0x1a ./Middlewares/Third_Party/FreeRTOS/Source/list.o
                0x000000000800c034                vListInitialiseItem
 .text.vListInsertEnd
                0x000000000800c04e       0x48 ./Middlewares/Third_Party/FreeRTOS/Source/list.o
                0x000000000800c04e                vListInsertEnd
 .text.vListInsert
                0x000000000800c096       0x72 ./Middlewares/Third_Party/FreeRTOS/Source/list.o
                0x000000000800c096                vListInsert
 .text.uxListRemove
                0x000000000800c108       0x54 ./Middlewares/Third_Party/FreeRTOS/Source/list.o
                0x000000000800c108                uxListRemove
 .text.xQueueGenericReset
                0x000000000800c15c       0xd0 ./Middlewares/Third_Party/FreeRTOS/Source/queue.o
                0x000000000800c15c                xQueueGenericReset
 .text.xQueueGenericCreateStatic
                0x000000000800c22c       0xf0 ./Middlewares/Third_Party/FreeRTOS/Source/queue.o
                0x000000000800c22c                xQueueGenericCreateStatic
 .text.xQueueGenericCreate
                0x000000000800c31c       0x74 ./Middlewares/Third_Party/FreeRTOS/Source/queue.o
                0x000000000800c31c                xQueueGenericCreate
 .text.prvInitialiseNewQueue
                0x000000000800c390       0x3e ./Middlewares/Third_Party/FreeRTOS/Source/queue.o
 *fill*         0x000000000800c3ce        0x2 
 .text.xQueueGenericSend
                0x000000000800c3d0      0x1fc ./Middlewares/Third_Party/FreeRTOS/Source/queue.o
                0x000000000800c3d0                xQueueGenericSend
 .text.xQueueGenericSendFromISR
                0x000000000800c5cc      0x136 ./Middlewares/Third_Party/FreeRTOS/Source/queue.o
                0x000000000800c5cc                xQueueGenericSendFromISR
 *fill*         0x000000000800c702        0x2 
 .text.xQueueReceive
                0x000000000800c704      0x1c0 ./Middlewares/Third_Party/FreeRTOS/Source/queue.o
                0x000000000800c704                xQueueReceive
 .text.prvCopyDataToQueue
                0x000000000800c8c4       0xd4 ./Middlewares/Third_Party/FreeRTOS/Source/queue.o
 .text.prvCopyDataFromQueue
                0x000000000800c998       0x4c ./Middlewares/Third_Party/FreeRTOS/Source/queue.o
 .text.prvUnlockQueue
                0x000000000800c9e4       0xa4 ./Middlewares/Third_Party/FreeRTOS/Source/queue.o
 .text.prvIsQueueEmpty
                0x000000000800ca88       0x2c ./Middlewares/Third_Party/FreeRTOS/Source/queue.o
 .text.prvIsQueueFull
                0x000000000800cab4       0x30 ./Middlewares/Third_Party/FreeRTOS/Source/queue.o
 .text.vQueueAddToRegistry
                0x000000000800cae4       0x54 ./Middlewares/Third_Party/FreeRTOS/Source/queue.o
                0x000000000800cae4                vQueueAddToRegistry
 .text.vQueueWaitForMessageRestricted
                0x000000000800cb38       0x68 ./Middlewares/Third_Party/FreeRTOS/Source/queue.o
                0x000000000800cb38                vQueueWaitForMessageRestricted
 .text.xTaskCreateStatic
                0x000000000800cba0       0xba ./Middlewares/Third_Party/FreeRTOS/Source/tasks.o
                0x000000000800cba0                xTaskCreateStatic
 .text.xTaskCreate
                0x000000000800cc5a       0x8a ./Middlewares/Third_Party/FreeRTOS/Source/tasks.o
                0x000000000800cc5a                xTaskCreate
 .text.prvInitialiseNewTask
                0x000000000800cce4      0x10e ./Middlewares/Third_Party/FreeRTOS/Source/tasks.o
 *fill*         0x000000000800cdf2        0x2 
 .text.prvAddNewTaskToReadyList
                0x000000000800cdf4       0xd4 ./Middlewares/Third_Party/FreeRTOS/Source/tasks.o
 .text.vTaskDelete
                0x000000000800cec8      0x120 ./Middlewares/Third_Party/FreeRTOS/Source/tasks.o
                0x000000000800cec8                vTaskDelete
 .text.vTaskDelay
                0x000000000800cfe8       0x68 ./Middlewares/Third_Party/FreeRTOS/Source/tasks.o
                0x000000000800cfe8                vTaskDelay
 .text.vTaskSuspend
                0x000000000800d050      0x124 ./Middlewares/Third_Party/FreeRTOS/Source/tasks.o
                0x000000000800d050                vTaskSuspend
 .text.prvTaskIsTaskSuspended
                0x000000000800d174       0x64 ./Middlewares/Third_Party/FreeRTOS/Source/tasks.o
 .text.vTaskResume
                0x000000000800d1d8       0xbc ./Middlewares/Third_Party/FreeRTOS/Source/tasks.o
                0x000000000800d1d8                vTaskResume
 .text.vTaskStartScheduler
                0x000000000800d294       0xcc ./Middlewares/Third_Party/FreeRTOS/Source/tasks.o
                0x000000000800d294                vTaskStartScheduler
 .text.vTaskSuspendAll
                0x000000000800d360       0x1c ./Middlewares/Third_Party/FreeRTOS/Source/tasks.o
                0x000000000800d360                vTaskSuspendAll
 .text.xTaskResumeAll
                0x000000000800d37c      0x138 ./Middlewares/Third_Party/FreeRTOS/Source/tasks.o
                0x000000000800d37c                xTaskResumeAll
 .text.xTaskGetTickCount
                0x000000000800d4b4       0x20 ./Middlewares/Third_Party/FreeRTOS/Source/tasks.o
                0x000000000800d4b4                xTaskGetTickCount
 .text.xTaskIncrementTick
                0x000000000800d4d4      0x170 ./Middlewares/Third_Party/FreeRTOS/Source/tasks.o
                0x000000000800d4d4                xTaskIncrementTick
 .text.vTaskSwitchContext
                0x000000000800d644       0xb8 ./Middlewares/Third_Party/FreeRTOS/Source/tasks.o
                0x000000000800d644                vTaskSwitchContext
 .text.vTaskPlaceOnEventList
                0x000000000800d6fc       0x48 ./Middlewares/Third_Party/FreeRTOS/Source/tasks.o
                0x000000000800d6fc                vTaskPlaceOnEventList
 .text.vTaskPlaceOnEventListRestricted
                0x000000000800d744       0x58 ./Middlewares/Third_Party/FreeRTOS/Source/tasks.o
                0x000000000800d744                vTaskPlaceOnEventListRestricted
 .text.xTaskRemoveFromEventList
                0x000000000800d79c       0xc4 ./Middlewares/Third_Party/FreeRTOS/Source/tasks.o
                0x000000000800d79c                xTaskRemoveFromEventList
 .text.vTaskInternalSetTimeOutState
                0x000000000800d860       0x2c ./Middlewares/Third_Party/FreeRTOS/Source/tasks.o
                0x000000000800d860                vTaskInternalSetTimeOutState
 .text.xTaskCheckForTimeOut
                0x000000000800d88c       0xc4 ./Middlewares/Third_Party/FreeRTOS/Source/tasks.o
                0x000000000800d88c                xTaskCheckForTimeOut
 .text.vTaskMissedYield
                0x000000000800d950       0x18 ./Middlewares/Third_Party/FreeRTOS/Source/tasks.o
                0x000000000800d950                vTaskMissedYield
 .text.prvIdleTask
                0x000000000800d968       0x30 ./Middlewares/Third_Party/FreeRTOS/Source/tasks.o
 .text.prvInitialiseTaskLists
                0x000000000800d998       0x80 ./Middlewares/Third_Party/FreeRTOS/Source/tasks.o
 .text.prvCheckTasksWaitingTermination
                0x000000000800da18       0x5c ./Middlewares/Third_Party/FreeRTOS/Source/tasks.o
 .text.prvDeleteTCB
                0x000000000800da74       0x5e ./Middlewares/Third_Party/FreeRTOS/Source/tasks.o
 *fill*         0x000000000800dad2        0x2 
 .text.prvResetNextTaskUnblockTime
                0x000000000800dad4       0x40 ./Middlewares/Third_Party/FreeRTOS/Source/tasks.o
 .text.xTaskGetSchedulerState
                0x000000000800db14       0x3c ./Middlewares/Third_Party/FreeRTOS/Source/tasks.o
                0x000000000800db14                xTaskGetSchedulerState
 .text.xTaskPriorityDisinherit
                0x000000000800db50      0x10c ./Middlewares/Third_Party/FreeRTOS/Source/tasks.o
                0x000000000800db50                xTaskPriorityDisinherit
 .text.prvAddCurrentTaskToDelayedList
                0x000000000800dc5c       0xcc ./Middlewares/Third_Party/FreeRTOS/Source/tasks.o
 .text.xTimerCreateTimerTask
                0x000000000800dd28       0x90 ./Middlewares/Third_Party/FreeRTOS/Source/timers.o
                0x000000000800dd28                xTimerCreateTimerTask
 .text.xTimerGenericCommand
                0x000000000800ddb8       0x9c ./Middlewares/Third_Party/FreeRTOS/Source/timers.o
                0x000000000800ddb8                xTimerGenericCommand
 .text.prvProcessExpiredTimer
                0x000000000800de54       0x98 ./Middlewares/Third_Party/FreeRTOS/Source/timers.o
 .text.prvTimerTask
                0x000000000800deec       0x24 ./Middlewares/Third_Party/FreeRTOS/Source/timers.o
 .text.prvProcessTimerOrBlockTask
                0x000000000800df10       0x9c ./Middlewares/Third_Party/FreeRTOS/Source/timers.o
 .text.prvGetNextExpireTime
                0x000000000800dfac       0x48 ./Middlewares/Third_Party/FreeRTOS/Source/timers.o
 .text.prvSampleTimeNow
                0x000000000800dff4       0x40 ./Middlewares/Third_Party/FreeRTOS/Source/timers.o
 .text.prvInsertTimerInActiveList
                0x000000000800e034       0x84 ./Middlewares/Third_Party/FreeRTOS/Source/timers.o
 .text.prvProcessReceivedCommands
                0x000000000800e0b8      0x18c ./Middlewares/Third_Party/FreeRTOS/Source/timers.o
 .text.prvSwitchTimerLists
                0x000000000800e244       0xc8 ./Middlewares/Third_Party/FreeRTOS/Source/timers.o
 .text.prvCheckForValidListAndQueue
                0x000000000800e30c       0x80 ./Middlewares/Third_Party/FreeRTOS/Source/timers.o
 .text.pxPortInitialiseStack
                0x000000000800e38c       0x68 ./Middlewares/Third_Party/FreeRTOS/Source/portable/GCC/ARM_CM4F/port.o
                0x000000000800e38c                pxPortInitialiseStack
 .text.prvTaskExitError
                0x000000000800e3f4       0x58 ./Middlewares/Third_Party/FreeRTOS/Source/portable/GCC/ARM_CM4F/port.o
 *fill*         0x000000000800e44c        0x4 
 .text.SVC_Handler
                0x000000000800e450       0x28 ./Middlewares/Third_Party/FreeRTOS/Source/portable/GCC/ARM_CM4F/port.o
                0x000000000800e450                SVC_Handler
 .text.prvPortStartFirstTask
                0x000000000800e478       0x28 ./Middlewares/Third_Party/FreeRTOS/Source/portable/GCC/ARM_CM4F/port.o
 .text.xPortStartScheduler
                0x000000000800e4a0      0x144 ./Middlewares/Third_Party/FreeRTOS/Source/portable/GCC/ARM_CM4F/port.o
                0x000000000800e4a0                xPortStartScheduler
 .text.vPortEnterCritical
                0x000000000800e5e4       0x60 ./Middlewares/Third_Party/FreeRTOS/Source/portable/GCC/ARM_CM4F/port.o
                0x000000000800e5e4                vPortEnterCritical
 .text.vPortExitCritical
                0x000000000800e644       0x54 ./Middlewares/Third_Party/FreeRTOS/Source/portable/GCC/ARM_CM4F/port.o
                0x000000000800e644                vPortExitCritical
 *fill*         0x000000000800e698        0x8 
 .text.PendSV_Handler
                0x000000000800e6a0       0x68 ./Middlewares/Third_Party/FreeRTOS/Source/portable/GCC/ARM_CM4F/port.o
                0x000000000800e6a0                PendSV_Handler
 .text.SysTick_Handler
                0x000000000800e708       0x44 ./Middlewares/Third_Party/FreeRTOS/Source/portable/GCC/ARM_CM4F/port.o
                0x000000000800e708                SysTick_Handler
 .text.vPortSetupTimerInterrupt
                0x000000000800e74c       0x48 ./Middlewares/Third_Party/FreeRTOS/Source/portable/GCC/ARM_CM4F/port.o
                0x000000000800e74c                vPortSetupTimerInterrupt
 .text.vPortEnableVFP
                0x000000000800e794       0x14 ./Middlewares/Third_Party/FreeRTOS/Source/portable/GCC/ARM_CM4F/port.o
 .text.vPortValidateInterruptPriority
                0x000000000800e7a8       0x80 ./Middlewares/Third_Party/FreeRTOS/Source/portable/GCC/ARM_CM4F/port.o
                0x000000000800e7a8                vPortValidateInterruptPriority
 .text.pvPortMalloc
                0x000000000800e828      0x198 ./Middlewares/Third_Party/FreeRTOS/Source/portable/MemMang/heap_4.o
                0x000000000800e828                pvPortMalloc
 .text.vPortFree
                0x000000000800e9c0       0xc4 ./Middlewares/Third_Party/FreeRTOS/Source/portable/MemMang/heap_4.o
                0x000000000800e9c0                vPortFree
 .text.prvHeapInit
                0x000000000800ea84       0xc4 ./Middlewares/Third_Party/FreeRTOS/Source/portable/MemMang/heap_4.o
 .text.prvInsertBlockIntoFreeList
                0x000000000800eb48       0xb4 ./Middlewares/Third_Party/FreeRTOS/Source/portable/MemMang/heap_4.o
 .text.__libc_init_array
                0x000000000800ebfc       0x48 c:/st/stm32cubeide_1.8.0/stm32cubeide/plugins/com.st.stm32cube.ide.mcu.externaltools.gnu-tools-for-stm32.9-2020-q2-update.win32_2.0.0.202105311346/tools/bin/../lib/gcc/arm-none-eabi/9.3.1/../../../../arm-none-eabi/lib/thumb/v7e-m+fp/hard\libc_nano.a(lib_a-init.o)
                0x000000000800ebfc                __libc_init_array
 .text.memcpy   0x000000000800ec44       0x1c c:/st/stm32cubeide_1.8.0/stm32cubeide/plugins/com.st.stm32cube.ide.mcu.externaltools.gnu-tools-for-stm32.9-2020-q2-update.win32_2.0.0.202105311346/tools/bin/../lib/gcc/arm-none-eabi/9.3.1/../../../../arm-none-eabi/lib/thumb/v7e-m+fp/hard\libc_nano.a(lib_a-memcpy-stub.o)
                0x000000000800ec44                memcpy
 .text.memset   0x000000000800ec60       0x10 c:/st/stm32cubeide_1.8.0/stm32cubeide/plugins/com.st.stm32cube.ide.mcu.externaltools.gnu-tools-for-stm32.9-2020-q2-update.win32_2.0.0.202105311346/tools/bin/../lib/gcc/arm-none-eabi/9.3.1/../../../../arm-none-eabi/lib/thumb/v7e-m+fp/hard\libc_nano.a(lib_a-memset.o)
                0x000000000800ec60                memset
 *(.glue_7)
 .glue_7        0x000000000800ec70        0x0 linker stubs
 *(.glue_7t)
 .glue_7t       0x000000000800ec70        0x0 linker stubs
 *(.eh_frame)
 .eh_frame      0x000000000800ec70        0x0 c:/st/stm32cubeide_1.8.0/stm32cubeide/plugins/com.st.stm32cube.ide.mcu.externaltools.gnu-tools-for-stm32.9-2020-q2-update.win32_2.0.0.202105311346/tools/bin/../lib/gcc/arm-none-eabi/9.3.1/thumb/v7e-m+fp/hard/crtbegin.o
 *(.init)
 .init          0x000000000800ec70        0x4 c:/st/stm32cubeide_1.8.0/stm32cubeide/plugins/com.st.stm32cube.ide.mcu.externaltools.gnu-tools-for-stm32.9-2020-q2-update.win32_2.0.0.202105311346/tools/bin/../lib/gcc/arm-none-eabi/9.3.1/thumb/v7e-m+fp/hard/crti.o
                0x000000000800ec70                _init
 .init          0x000000000800ec74        0x8 c:/st/stm32cubeide_1.8.0/stm32cubeide/plugins/com.st.stm32cube.ide.mcu.externaltools.gnu-tools-for-stm32.9-2020-q2-update.win32_2.0.0.202105311346/tools/bin/../lib/gcc/arm-none-eabi/9.3.1/thumb/v7e-m+fp/hard/crtn.o
 *(.fini)
 .fini          0x000000000800ec7c        0x4 c:/st/stm32cubeide_1.8.0/stm32cubeide/plugins/com.st.stm32cube.ide.mcu.externaltools.gnu-tools-for-stm32.9-2020-q2-update.win32_2.0.0.202105311346/tools/bin/../lib/gcc/arm-none-eabi/9.3.1/thumb/v7e-m+fp/hard/crti.o
                0x000000000800ec7c                _fini
 .fini          0x000000000800ec80        0x8 c:/st/stm32cubeide_1.8.0/stm32cubeide/plugins/com.st.stm32cube.ide.mcu.externaltools.gnu-tools-for-stm32.9-2020-q2-update.win32_2.0.0.202105311346/tools/bin/../lib/gcc/arm-none-eabi/9.3.1/thumb/v7e-m+fp/hard/crtn.o
                0x000000000800ec88                . = ALIGN (0x4)
                0x000000000800ec88                _etext = .

.vfp11_veneer   0x000000000800ec88        0x0
 .vfp11_veneer  0x000000000800ec88        0x0 linker stubs

.v4_bx          0x000000000800ec88        0x0
 .v4_bx         0x000000000800ec88        0x0 linker stubs

.iplt           0x000000000800ec88        0x0
 .iplt          0x000000000800ec88        0x0 c:/st/stm32cubeide_1.8.0/stm32cubeide/plugins/com.st.stm32cube.ide.mcu.externaltools.gnu-tools-for-stm32.9-2020-q2-update.win32_2.0.0.202105311346/tools/bin/../lib/gcc/arm-none-eabi/9.3.1/thumb/v7e-m+fp/hard/crtbegin.o

.rodata         0x000000000800ec88      0x1a0
                0x000000000800ec88                . = ALIGN (0x4)
 *(.rodata)
 .rodata        0x000000000800ec88        0xe ./Core/Src/Pc_SIMV.o
 *fill*         0x000000000800ec96        0x2 
 .rodata        0x000000000800ec98      0x155 ./Core/Src/main.o
 *fill*         0x000000000800eded        0x3 
 .rodata        0x000000000800edf0        0x5 ./Middlewares/Third_Party/FreeRTOS/Source/tasks.o
 *fill*         0x000000000800edf5        0x3 
 .rodata        0x000000000800edf8        0xd ./Middlewares/Third_Party/FreeRTOS/Source/timers.o
 *(.rodata*)
 *fill*         0x000000000800ee05        0x3 
 .rodata.AHBPrescTable
                0x000000000800ee08       0x10 ./Core/Src/system_stm32f4xx.o
                0x000000000800ee08                AHBPrescTable
 .rodata.APBPrescTable
                0x000000000800ee18        0x8 ./Core/Src/system_stm32f4xx.o
                0x000000000800ee18                APBPrescTable
 .rodata.flagBitshiftOffset.9176
                0x000000000800ee20        0x8 ./Drivers/STM32F4xx_HAL_Driver/Src/stm32f4xx_hal_dma.o
                0x000000000800ee28                . = ALIGN (0x4)

.ARM.extab      0x000000000800ee28        0x0
                0x000000000800ee28                . = ALIGN (0x4)
 *(.ARM.extab* .gnu.linkonce.armextab.*)
                0x000000000800ee28                . = ALIGN (0x4)

.ARM            0x000000000800ee28        0x8
                0x000000000800ee28                . = ALIGN (0x4)
                0x000000000800ee28                __exidx_start = .
 *(.ARM.exidx*)
 .ARM.exidx     0x000000000800ee28        0x8 c:/st/stm32cubeide_1.8.0/stm32cubeide/plugins/com.st.stm32cube.ide.mcu.externaltools.gnu-tools-for-stm32.9-2020-q2-update.win32_2.0.0.202105311346/tools/bin/../lib/gcc/arm-none-eabi/9.3.1/thumb/v7e-m+fp/hard\libgcc.a(_udivmoddi4.o)
                0x000000000800ee30                __exidx_end = .
                0x000000000800ee30                . = ALIGN (0x4)

.rel.dyn        0x000000000800ee30        0x0
 .rel.iplt      0x000000000800ee30        0x0 c:/st/stm32cubeide_1.8.0/stm32cubeide/plugins/com.st.stm32cube.ide.mcu.externaltools.gnu-tools-for-stm32.9-2020-q2-update.win32_2.0.0.202105311346/tools/bin/../lib/gcc/arm-none-eabi/9.3.1/thumb/v7e-m+fp/hard/crtbegin.o

.preinit_array  0x000000000800ee30        0x0
                0x000000000800ee30                . = ALIGN (0x4)
                0x000000000800ee30                PROVIDE (__preinit_array_start = .)
 *(.preinit_array*)
                0x000000000800ee30                PROVIDE (__preinit_array_end = .)
                0x000000000800ee30                . = ALIGN (0x4)

.init_array     0x000000000800ee30        0x4
                0x000000000800ee30                . = ALIGN (0x4)
                0x000000000800ee30                PROVIDE (__init_array_start = .)
 *(SORT_BY_NAME(.init_array.*))
 *(.init_array*)
 .init_array    0x000000000800ee30        0x4 c:/st/stm32cubeide_1.8.0/stm32cubeide/plugins/com.st.stm32cube.ide.mcu.externaltools.gnu-tools-for-stm32.9-2020-q2-update.win32_2.0.0.202105311346/tools/bin/../lib/gcc/arm-none-eabi/9.3.1/thumb/v7e-m+fp/hard/crtbegin.o
                0x000000000800ee34                PROVIDE (__init_array_end = .)
                0x000000000800ee34                . = ALIGN (0x4)

.fini_array     0x000000000800ee34        0x4
                0x000000000800ee34                . = ALIGN (0x4)
                [!provide]                        PROVIDE (__fini_array_start = .)
 *(SORT_BY_NAME(.fini_array.*))
 *(.fini_array*)
 .fini_array    0x000000000800ee34        0x4 c:/st/stm32cubeide_1.8.0/stm32cubeide/plugins/com.st.stm32cube.ide.mcu.externaltools.gnu-tools-for-stm32.9-2020-q2-update.win32_2.0.0.202105311346/tools/bin/../lib/gcc/arm-none-eabi/9.3.1/thumb/v7e-m+fp/hard/crtbegin.o
                [!provide]                        PROVIDE (__fini_array_end = .)
                0x000000000800ee38                . = ALIGN (0x4)
                0x000000000800ee38                _sidata = LOADADDR (.data)

.data           0x0000000020000000       0x10 load address 0x000000000800ee38
                0x0000000020000000                . = ALIGN (0x4)
                0x0000000020000000                _sdata = .
 *(.data)
 *(.data*)
 .data.SystemCoreClock
                0x0000000020000000        0x4 ./Core/Src/system_stm32f4xx.o
                0x0000000020000000                SystemCoreClock
 .data.uwTickPrio
                0x0000000020000004        0x4 ./Drivers/STM32F4xx_HAL_Driver/Src/stm32f4xx_hal.o
                0x0000000020000004                uwTickPrio
 .data.uwTickFreq
                0x0000000020000008        0x1 ./Drivers/STM32F4xx_HAL_Driver/Src/stm32f4xx_hal.o
                0x0000000020000008                uwTickFreq
 *fill*         0x0000000020000009        0x3 
 .data.uxCriticalNesting
                0x000000002000000c        0x4 ./Middlewares/Third_Party/FreeRTOS/Source/portable/GCC/ARM_CM4F/port.o
 *(.RamFunc)
 *(.RamFunc*)
                0x0000000020000010                . = ALIGN (0x4)
                0x0000000020000010                _edata = .
                0x000000000800ee48                _siccmram = LOADADDR (.ccmram)

.igot.plt       0x0000000020000010        0x0 load address 0x000000000800ee48
 .igot.plt      0x0000000020000010        0x0 c:/st/stm32cubeide_1.8.0/stm32cubeide/plugins/com.st.stm32cube.ide.mcu.externaltools.gnu-tools-for-stm32.9-2020-q2-update.win32_2.0.0.202105311346/tools/bin/../lib/gcc/arm-none-eabi/9.3.1/thumb/v7e-m+fp/hard/crtbegin.o

.ccmram         0x0000000010000000        0x0 load address 0x000000000800ee48
                0x0000000010000000                . = ALIGN (0x4)
                0x0000000010000000                _sccmram = .
 *(.ccmram)
 *(.ccmram*)
                0x0000000010000000                . = ALIGN (0x4)
                0x0000000010000000                _eccmram = .
                0x0000000010000000                . = ALIGN (0x4)

.bss            0x0000000020000010     0x4b5c
                0x0000000020000010                _sbss = .
                0x0000000020000010                __bss_start__ = _sbss
 *(.bss)
 .bss           0x0000000020000010       0x1c c:/st/stm32cubeide_1.8.0/stm32cubeide/plugins/com.st.stm32cube.ide.mcu.externaltools.gnu-tools-for-stm32.9-2020-q2-update.win32_2.0.0.202105311346/tools/bin/../lib/gcc/arm-none-eabi/9.3.1/thumb/v7e-m+fp/hard/crtbegin.o
 *(.bss*)
 .bss.Trigger   0x000000002000002c        0x4 ./Core/Src/Psv.o
                0x000000002000002c                Trigger
 .bss.now_update
                0x0000000020000030        0x4 ./Core/Src/Psv.o
                0x0000000020000030                now_update
 .bss.xIdleTaskTCBBuffer
                0x0000000020000034       0x54 ./Core/Src/freertos.o
 .bss.xIdleStack
                0x0000000020000088      0x200 ./Core/Src/freertos.o
 .bss.xTimerTaskTCBBuffer
                0x0000000020000288       0x54 ./Core/Src/freertos.o
 .bss.xTimerStack
                0x00000000200002dc      0x400 ./Core/Src/freertos.o
 .bss.pxCurrentTCB
                0x00000000200006dc        0x4 ./Middlewares/Third_Party/FreeRTOS/Source/tasks.o
                0x00000000200006dc                pxCurrentTCB
 .bss.pxReadyTasksLists
                0x00000000200006e0       0x8c ./Middlewares/Third_Party/FreeRTOS/Source/tasks.o
 .bss.xDelayedTaskList1
                0x000000002000076c       0x14 ./Middlewares/Third_Party/FreeRTOS/Source/tasks.o
 .bss.xDelayedTaskList2
                0x0000000020000780       0x14 ./Middlewares/Third_Party/FreeRTOS/Source/tasks.o
 .bss.pxDelayedTaskList
                0x0000000020000794        0x4 ./Middlewares/Third_Party/FreeRTOS/Source/tasks.o
 .bss.pxOverflowDelayedTaskList
                0x0000000020000798        0x4 ./Middlewares/Third_Party/FreeRTOS/Source/tasks.o
 .bss.xPendingReadyList
                0x000000002000079c       0x14 ./Middlewares/Third_Party/FreeRTOS/Source/tasks.o
 .bss.xTasksWaitingTermination
                0x00000000200007b0       0x14 ./Middlewares/Third_Party/FreeRTOS/Source/tasks.o
 .bss.uxDeletedTasksWaitingCleanUp
                0x00000000200007c4        0x4 ./Middlewares/Third_Party/FreeRTOS/Source/tasks.o
 .bss.xSuspendedTaskList
                0x00000000200007c8       0x14 ./Middlewares/Third_Party/FreeRTOS/Source/tasks.o
 .bss.uxCurrentNumberOfTasks
                0x00000000200007dc        0x4 ./Middlewares/Third_Party/FreeRTOS/Source/tasks.o
 .bss.xTickCount
                0x00000000200007e0        0x4 ./Middlewares/Third_Party/FreeRTOS/Source/tasks.o
 .bss.uxTopReadyPriority
                0x00000000200007e4        0x4 ./Middlewares/Third_Party/FreeRTOS/Source/tasks.o
 .bss.xSchedulerRunning
                0x00000000200007e8        0x4 ./Middlewares/Third_Party/FreeRTOS/Source/tasks.o
 .bss.xPendedTicks
                0x00000000200007ec        0x4 ./Middlewares/Third_Party/FreeRTOS/Source/tasks.o
 .bss.xYieldPending
                0x00000000200007f0        0x4 ./Middlewares/Third_Party/FreeRTOS/Source/tasks.o
 .bss.xNumOfOverflows
                0x00000000200007f4        0x4 ./Middlewares/Third_Party/FreeRTOS/Source/tasks.o
 .bss.uxTaskNumber
                0x00000000200007f8        0x4 ./Middlewares/Third_Party/FreeRTOS/Source/tasks.o
 .bss.xNextTaskUnblockTime
                0x00000000200007fc        0x4 ./Middlewares/Third_Party/FreeRTOS/Source/tasks.o
 .bss.xIdleTaskHandle
                0x0000000020000800        0x4 ./Middlewares/Third_Party/FreeRTOS/Source/tasks.o
 .bss.uxSchedulerSuspended
                0x0000000020000804        0x4 ./Middlewares/Third_Party/FreeRTOS/Source/tasks.o
 .bss.xActiveTimerList1
                0x0000000020000808       0x14 ./Middlewares/Third_Party/FreeRTOS/Source/timers.o
 .bss.xActiveTimerList2
                0x000000002000081c       0x14 ./Middlewares/Third_Party/FreeRTOS/Source/timers.o
 .bss.pxCurrentTimerList
                0x0000000020000830        0x4 ./Middlewares/Third_Party/FreeRTOS/Source/timers.o
 .bss.pxOverflowTimerList
                0x0000000020000834        0x4 ./Middlewares/Third_Party/FreeRTOS/Source/timers.o
 .bss.xTimerQueue
                0x0000000020000838        0x4 ./Middlewares/Third_Party/FreeRTOS/Source/timers.o
 .bss.xTimerTaskHandle
                0x000000002000083c        0x4 ./Middlewares/Third_Party/FreeRTOS/Source/timers.o
 .bss.xLastTime.6916
                0x0000000020000840        0x4 ./Middlewares/Third_Party/FreeRTOS/Source/timers.o
 .bss.ucStaticTimerQueueStorage.6965
                0x0000000020000844       0x78 ./Middlewares/Third_Party/FreeRTOS/Source/timers.o
 .bss.xStaticTimerQueue.6964
                0x00000000200008bc       0x48 ./Middlewares/Third_Party/FreeRTOS/Source/timers.o
 .bss.ucMaxSysCallPriority
                0x0000000020000904        0x1 ./Middlewares/Third_Party/FreeRTOS/Source/portable/GCC/ARM_CM4F/port.o
 *fill*         0x0000000020000905        0x3 
 .bss.ulMaxPRIGROUPValue
                0x0000000020000908        0x4 ./Middlewares/Third_Party/FreeRTOS/Source/portable/GCC/ARM_CM4F/port.o
 .bss.ucHeap    0x000000002000090c     0x3c00 ./Middlewares/Third_Party/FreeRTOS/Source/portable/MemMang/heap_4.o
 .bss.xStart    0x000000002000450c        0x8 ./Middlewares/Third_Party/FreeRTOS/Source/portable/MemMang/heap_4.o
 .bss.pxEnd     0x0000000020004514        0x4 ./Middlewares/Third_Party/FreeRTOS/Source/portable/MemMang/heap_4.o
 .bss.xFreeBytesRemaining
                0x0000000020004518        0x4 ./Middlewares/Third_Party/FreeRTOS/Source/portable/MemMang/heap_4.o
 .bss.xMinimumEverFreeBytesRemaining
                0x000000002000451c        0x4 ./Middlewares/Third_Party/FreeRTOS/Source/portable/MemMang/heap_4.o
 .bss.xNumberOfSuccessfulAllocations
                0x0000000020004520        0x4 ./Middlewares/Third_Party/FreeRTOS/Source/portable/MemMang/heap_4.o
 .bss.xNumberOfSuccessfulFrees
                0x0000000020004524        0x4 ./Middlewares/Third_Party/FreeRTOS/Source/portable/MemMang/heap_4.o
 .bss.xBlockAllocatedBit
                0x0000000020004528        0x4 ./Middlewares/Third_Party/FreeRTOS/Source/portable/MemMang/heap_4.o
 *(COMMON)
 *fill*         0x000000002000452c        0x4 
 COMMON         0x0000000020004530      0x454 ./Core/Src/Back_UP_PC_CMV.o
                0x0000000020004530                _CYCLIC_TRANSMIT_PKT
                0x000000002000453c                S3
                0x0000000020004548                T2
                0x0000000020004558                R5
                0x0000000020004564                Flow_sensor
                0x0000000020004578                R3
                0x0000000020004590                V3
                0x00000000200045a8                Vc_cmv_Pid_Handler
                0x00000000200045ac                P1
                0x00000000200045cc                T4
                0x000000002000460c                Pc_cmv_Pid_Handler
                0x0000000020004610                Psv_Pid_Handler
                0x0000000020004614                pc_mode_Handler
                0x0000000020004618                T5
                0x0000000020004628                V1
                0x0000000020004640                Acheived_Volume
                0x0000000020004642                _CurrentWaveFormState
                0x0000000020004644                S1
                0x0000000020004658                _I_TIMER_ACHEIVED
                0x000000002000465c                R6
                0x000000002000466c                _RequestedMode
                0x000000002000466d                _FIO2_Val
                0x0000000020004670                R4
                0x0000000020004680                huart5
                0x00000000200046c4                AdcData
                0x00000000200046d0                Back_Up_PC_CMV_Mode_Handler
                0x00000000200046d4                check_dev
                0x00000000200046d8                Psv_Handler
                0x00000000200046dc                T3
                0x00000000200046e8                _CurrentMode
                0x00000000200046ec                R1
                0x0000000020004704                V4
                0x0000000020004714                hdac
                0x0000000020004728                Vc_simv_mode_Handler
                0x0000000020004730                Flow_Sensor_cal
                0x0000000020004798                _CurrentComputationState
                0x000000002000479c                B2
                0x00000000200047ac                Pressure_sensor
                0x00000000200047bc                T1
                0x00000000200047d0                UART_RX_BUF
                0x00000000200047e4                PID_Back_Up_PC_CMV_Mode_Handler
                0x00000000200047e8                One_Time_Handler
                0x00000000200047ec                S4
                0x000000002000482c                vol
                0x0000000020004838                S2
                0x0000000020004848                _E_TIMER
                0x000000002000484c                Vc_mode_Handler
                0x0000000020004850                _CurrentBackupMode
                0x0000000020004854                R2
                0x000000002000485c                V5
                0x0000000020004868                Uart_Receive
                0x000000002000486c                B4
                0x00000000200048ac                huart6
                0x00000000200048f0                FiO2_old
                0x00000000200048f4                Vc_cmv_simv_Pid_Handler
                0x00000000200048f8                _I_TIMER
                0x00000000200048fc                S5
                0x0000000020004944                _Control_Byte
                0x0000000020004948                Pc_simv_Mode_Handler
                0x000000002000494c                B1
                0x0000000020004960                Pc_simv_Mode_Pid_Handler
                0x0000000020004964                _E_TIMER_ACHEIVED
                0x0000000020004968                V2
                0x0000000020004970                check_count
                0x0000000020004974                B3
                0x0000000020004980                Ach_vol
 COMMON         0x0000000020004984        0x2 ./Core/Src/Psv.o
                0x0000000020004984                PIP_PSV_DAC_Val
 *fill*         0x0000000020004986        0x2 
 COMMON         0x0000000020004988      0x158 ./Core/Src/main.o
                0x0000000020004988                Sensor_Offset_Handler
                0x000000002000498c                Receiver_Handler
                0x0000000020004990                hi2c2
                0x00000000200049e4                hadc1
                0x0000000020004a2c                Uart_Transmit_Handler
                0x0000000020004a30                hdma_adc1
                0x0000000020004a90                Sensor_Read_Handler
                0x0000000020004a94                One_Milli_Second_Handler
                0x0000000020004a98                htim12
 COMMON         0x0000000020004ae0       0x48 ./Core/Src/stm32f4xx_hal_timebase_tim.o
                0x0000000020004ae0                htim6
 COMMON         0x0000000020004b28        0x4 ./Drivers/STM32F4xx_HAL_Driver/Src/stm32f4xx_hal.o
                0x0000000020004b28                uwTick
 COMMON         0x0000000020004b2c       0x40 ./Middlewares/Third_Party/FreeRTOS/Source/queue.o
                0x0000000020004b2c                xQueueRegistry
                0x0000000020004b6c                . = ALIGN (0x4)
                0x0000000020004b6c                _ebss = .
                0x0000000020004b6c                __bss_end__ = _ebss

._user_heap_stack
                0x0000000020004b6c      0x604
                0x0000000020004b70                . = ALIGN (0x8)
 *fill*         0x0000000020004b6c        0x4 
                [!provide]                        PROVIDE (end = .)
                0x0000000020004b70                PROVIDE (_end = .)
                0x0000000020004d70                . = (. + _Min_Heap_Size)
 *fill*         0x0000000020004b70      0x200 
                0x0000000020005170                . = (. + _Min_Stack_Size)
 *fill*         0x0000000020004d70      0x400 
                0x0000000020005170                . = ALIGN (0x8)

/DISCARD/
 libc.a(*)
 libm.a(*)
 libgcc.a(*)

.ARM.attributes
                0x0000000000000000       0x30
 *(.ARM.attributes)
 .ARM.attributes
                0x0000000000000000       0x1e c:/st/stm32cubeide_1.8.0/stm32cubeide/plugins/com.st.stm32cube.ide.mcu.externaltools.gnu-tools-for-stm32.9-2020-q2-update.win32_2.0.0.202105311346/tools/bin/../lib/gcc/arm-none-eabi/9.3.1/thumb/v7e-m+fp/hard/crti.o
 .ARM.attributes
                0x000000000000001e       0x34 c:/st/stm32cubeide_1.8.0/stm32cubeide/plugins/com.st.stm32cube.ide.mcu.externaltools.gnu-tools-for-stm32.9-2020-q2-update.win32_2.0.0.202105311346/tools/bin/../lib/gcc/arm-none-eabi/9.3.1/thumb/v7e-m+fp/hard/crtbegin.o
 .ARM.attributes
                0x0000000000000052       0x34 ./Core/Src/Back_UP_PC_CMV.o
 .ARM.attributes
                0x0000000000000086       0x34 ./Core/Src/Flow_Sensors_Data.o
 .ARM.attributes
                0x00000000000000ba       0x34 ./Core/Src/Pc_SIMV.o
 .ARM.attributes
                0x00000000000000ee       0x34 ./Core/Src/Pc_cmv.o
 .ARM.attributes
                0x0000000000000122       0x34 ./Core/Src/Pressure_Sensors_Data.o
 .ARM.attributes
                0x0000000000000156       0x34 ./Core/Src/Psv.o
 .ARM.attributes
                0x000000000000018a       0x34 ./Core/Src/Uart.o
 .ARM.attributes
                0x00000000000001be       0x34 ./Core/Src/Vc_SIMV.o
 .ARM.attributes
                0x00000000000001f2       0x34 ./Core/Src/Vc_cmv.o
 .ARM.attributes
                0x0000000000000226       0x34 ./Core/Src/freertos.o
 .ARM.attributes
                0x000000000000025a       0x34 ./Core/Src/main.o
 .ARM.attributes
                0x000000000000028e       0x34 ./Core/Src/stm32f4xx_hal_msp.o
 .ARM.attributes
                0x00000000000002c2       0x34 ./Core/Src/stm32f4xx_hal_timebase_tim.o
 .ARM.attributes
                0x00000000000002f6       0x34 ./Core/Src/stm32f4xx_it.o
 .ARM.attributes
                0x000000000000032a       0x34 ./Core/Src/system_stm32f4xx.o
 .ARM.attributes
                0x000000000000035e       0x21 ./Core/Startup/startup_stm32f407vetx.o
 .ARM.attributes
                0x000000000000037f       0x34 ./Drivers/STM32F4xx_HAL_Driver/Src/stm32f4xx_hal.o
 .ARM.attributes
                0x00000000000003b3       0x34 ./Drivers/STM32F4xx_HAL_Driver/Src/stm32f4xx_hal_adc.o
 .ARM.attributes
                0x00000000000003e7       0x34 ./Drivers/STM32F4xx_HAL_Driver/Src/stm32f4xx_hal_cortex.o
 .ARM.attributes
                0x000000000000041b       0x34 ./Drivers/STM32F4xx_HAL_Driver/Src/stm32f4xx_hal_dac.o
 .ARM.attributes
                0x000000000000044f       0x34 ./Drivers/STM32F4xx_HAL_Driver/Src/stm32f4xx_hal_dac_ex.o
 .ARM.attributes
                0x0000000000000483       0x34 ./Drivers/STM32F4xx_HAL_Driver/Src/stm32f4xx_hal_dma.o
 .ARM.attributes
                0x00000000000004b7       0x34 ./Drivers/STM32F4xx_HAL_Driver/Src/stm32f4xx_hal_gpio.o
 .ARM.attributes
                0x00000000000004eb       0x34 ./Drivers/STM32F4xx_HAL_Driver/Src/stm32f4xx_hal_i2c.o
 .ARM.attributes
                0x000000000000051f       0x34 ./Drivers/STM32F4xx_HAL_Driver/Src/stm32f4xx_hal_rcc.o
 .ARM.attributes
                0x0000000000000553       0x34 ./Drivers/STM32F4xx_HAL_Driver/Src/stm32f4xx_hal_tim.o
 .ARM.attributes
                0x0000000000000587       0x34 ./Drivers/STM32F4xx_HAL_Driver/Src/stm32f4xx_hal_tim_ex.o
 .ARM.attributes
                0x00000000000005bb       0x34 ./Drivers/STM32F4xx_HAL_Driver/Src/stm32f4xx_hal_uart.o
 .ARM.attributes
                0x00000000000005ef       0x34 ./Middlewares/Third_Party/FreeRTOS/Source/list.o
 .ARM.attributes
                0x0000000000000623       0x34 ./Middlewares/Third_Party/FreeRTOS/Source/queue.o
 .ARM.attributes
                0x0000000000000657       0x34 ./Middlewares/Third_Party/FreeRTOS/Source/tasks.o
 .ARM.attributes
                0x000000000000068b       0x34 ./Middlewares/Third_Party/FreeRTOS/Source/timers.o
 .ARM.attributes
                0x00000000000006bf       0x34 ./Middlewares/Third_Party/FreeRTOS/Source/portable/GCC/ARM_CM4F/port.o
 .ARM.attributes
                0x00000000000006f3       0x34 ./Middlewares/Third_Party/FreeRTOS/Source/portable/MemMang/heap_4.o
 .ARM.attributes
                0x0000000000000727       0x34 c:/st/stm32cubeide_1.8.0/stm32cubeide/plugins/com.st.stm32cube.ide.mcu.externaltools.gnu-tools-for-stm32.9-2020-q2-update.win32_2.0.0.202105311346/tools/bin/../lib/gcc/arm-none-eabi/9.3.1/../../../../arm-none-eabi/lib/thumb/v7e-m+fp/hard\libc_nano.a(lib_a-init.o)
 .ARM.attributes
                0x000000000000075b       0x34 c:/st/stm32cubeide_1.8.0/stm32cubeide/plugins/com.st.stm32cube.ide.mcu.externaltools.gnu-tools-for-stm32.9-2020-q2-update.win32_2.0.0.202105311346/tools/bin/../lib/gcc/arm-none-eabi/9.3.1/../../../../arm-none-eabi/lib/thumb/v7e-m+fp/hard\libc_nano.a(lib_a-memcpy-stub.o)
 .ARM.attributes
                0x000000000000078f       0x34 c:/st/stm32cubeide_1.8.0/stm32cubeide/plugins/com.st.stm32cube.ide.mcu.externaltools.gnu-tools-for-stm32.9-2020-q2-update.win32_2.0.0.202105311346/tools/bin/../lib/gcc/arm-none-eabi/9.3.1/../../../../arm-none-eabi/lib/thumb/v7e-m+fp/hard\libc_nano.a(lib_a-memset.o)
 .ARM.attributes
                0x00000000000007c3       0x1e c:/st/stm32cubeide_1.8.0/stm32cubeide/plugins/com.st.stm32cube.ide.mcu.externaltools.gnu-tools-for-stm32.9-2020-q2-update.win32_2.0.0.202105311346/tools/bin/../lib/gcc/arm-none-eabi/9.3.1/thumb/v7e-m+fp/hard\libgcc.a(_arm_addsubdf3.o)
 .ARM.attributes
                0x00000000000007e1       0x1e c:/st/stm32cubeide_1.8.0/stm32cubeide/plugins/com.st.stm32cube.ide.mcu.externaltools.gnu-tools-for-stm32.9-2020-q2-update.win32_2.0.0.202105311346/tools/bin/../lib/gcc/arm-none-eabi/9.3.1/thumb/v7e-m+fp/hard\libgcc.a(_arm_muldivdf3.o)
 .ARM.attributes